******************************************************************************
                  TI ARM Linker PC v18.1.3                     
******************************************************************************
>> Linked Fri Feb 22 19:08:45 2019

OUTPUT FILE NAME:   <project_zero_app_cc2650launchxl.out>
ENTRY POINT SYMBOL: "ResetISR"  address: 00007ab1


MEMORY CONFIGURATION

         name            origin    length      used     unused   attr    fill
----------------------  --------  ---------  --------  --------  ----  --------
  FLASH                 00000000   0000f000  0000b9a4  0000365c  R  X
  FLASH_LAST_PAGE       0001f000   00001000  00000058  00000fa8  R  X
  SRAM                  20000000   00004348  000029cf  00001979  RW X


SEGMENT ALLOCATION MAP

run origin  load origin   length   init length attrs members
----------  ----------- ---------- ----------- ----- -------
00000000    00000000    0000b4aa   0000b4aa    r-x
  00000000    00000000    0000003c   0000003c    r-- .resetVecs
  0000003c    0000003c    000000c4   000000c4    r-x .text.1
  00000100    00000100    0000003c   0000003c    r-- .const:ti_sysbios_knl_Task_Object__PARAMS__C
  0000013c    0000013c    00000034   00000034    r-- .const:ti_sysbios_knl_Mailbox_Object__PARAMS__C
  00000170    00000170    00000030   00000030    r-- .const:ti_sysbios_family_arm_m3_Hwi_Object__PARAMS__C
  000001a0    000001a0    0000002c   0000002c    r-- .const:ti_sysbios_hal_Hwi_Object__PARAMS__C
  000001cc    000001cc    00000028   00000028    r-- .const:ti_sysbios_heaps_HeapMem_Module__FXNS__C
  000001f4    000001f4    00000028   00000028    r-- .const:ti_sysbios_knl_Swi_Object__PARAMS__C
  0000021c    0000021c    00000024   00000024    r-- .const:ti_sysbios_gates_GateHwi_Module__FXNS__C
  00000240    00000240    00000024   00000024    r-- .const:ti_sysbios_gates_GateMutex_Module__FXNS__C
  00000264    00000264    00000024   00000024    r-- .const:ti_sysbios_heaps_HeapMem_Object__PARAMS__C
  00000288    00000288    00000024   00000024    r-- .const:ti_sysbios_knl_Clock_Object__PARAMS__C
  000002ac    000002ac    00000024   00000024    r-- .const:ti_sysbios_knl_Semaphore_Object__PARAMS__C
  000002d0    000002d0    00000020   00000020    r-- .const:ti_sysbios_family_arm_m3_Hwi_Object__DESC__C
  000002f0    000002f0    00000020   00000020    r-- .const:ti_sysbios_gates_GateHwi_Object__DESC__C
  00000310    00000310    00000020   00000020    r-- .const:ti_sysbios_gates_GateMutex_Object__DESC__C
  00000330    00000330    00000020   00000020    r-- .const:ti_sysbios_hal_Hwi_Object__DESC__C
  00000350    00000350    00000020   00000020    r-- .const:ti_sysbios_heaps_HeapMem_Object__DESC__C
  00000370    00000370    00000020   00000020    r-- .const:ti_sysbios_knl_Clock_Object__DESC__C
  00000390    00000390    00000020   00000020    r-- .const:ti_sysbios_knl_Mailbox_Object__DESC__C
  000003b0    000003b0    00000020   00000020    r-- .const:ti_sysbios_knl_Queue_Object__DESC__C
  000003d0    000003d0    00000020   00000020    r-- .const:ti_sysbios_knl_Semaphore_Object__DESC__C
  000003f0    000003f0    00000020   00000020    r-- .const:ti_sysbios_knl_Swi_Object__DESC__C
  00000410    00000410    00000020   00000020    r-- .const:ti_sysbios_knl_Task_Object__DESC__C
  00000430    00000430    00000018   00000018    r-- .const:ti_sysbios_gates_GateHwi_Object__PARAMS__C
  00000448    00000448    00000018   00000018    r-- .const:ti_sysbios_gates_GateMutex_Object__PARAMS__C
  00000460    00000460    00000018   00000018    r-- .const:ti_sysbios_knl_Queue_Object__PARAMS__C
  00000478    00000478    00000008   00000008    r-- .const:ti_sysbios_knl_Idle_funcList__C
  00000480    00000480    00000004   00000004    r-x .text.2
  00000484    00000484    00000004   00000004    r-- .const:ti_sysbios_family_arm_cc26xx_Timer_startupNeeded__C
  00000488    00000488    00000004   00000004    r-- .const:ti_sysbios_family_arm_m3_Hwi_E_alreadyDefined__C
  0000048c    0000048c    00000004   00000004    r-- .const:ti_sysbios_family_arm_m3_Hwi_E_hwiLimitExceeded__C
  00000490    00000490    00000004   00000004    r-- .const:ti_sysbios_family_arm_m3_Hwi_NUM_INTERRUPTS__C
  00000494    00000494    00000004   00000004    r-- .const:ti_sysbios_family_arm_m3_Hwi_Object__count__C
  00000498    00000498    00000004   00000004    r-- .const:ti_sysbios_family_arm_m3_Hwi_Object__table__C
  0000049c    0000049c    00000004   00000004    r-- .const:ti_sysbios_family_arm_m3_Hwi_ccr__C
  000004a0    000004a0    00000004   00000004    r-- .const:ti_sysbios_family_arm_m3_Hwi_excHandlerFunc__C
  000004a4    000004a4    00000004   00000004    r-- .const:ti_sysbios_family_arm_m3_Hwi_nullIsrFunc__C
  000004a8    000004a8    00000004   00000004    r-- .const:ti_sysbios_family_arm_m3_Hwi_numSparseInterrupts__C
  000004ac    000004ac    00000004   00000004    r-- .const:ti_sysbios_family_arm_m3_Hwi_priGroup__C
  000004b0    000004b0    00000004   00000004    r-- .const:ti_sysbios_family_arm_m3_TaskSupport_stackAlignment__C
  000004b4    000004b4    00000004   00000004    r-- .const:ti_sysbios_heaps_HeapMem_E_memory__C
  000004b8    000004b8    00000004   00000004    r-- .const:ti_sysbios_heaps_HeapMem_Module__gateObj__C
  000004bc    000004bc    00000004   00000004    r-- .const:ti_sysbios_heaps_HeapMem_Object__count__C
  000004c0    000004c0    00000004   00000004    r-- .const:ti_sysbios_heaps_HeapMem_Object__table__C
  000004c4    000004c4    00000004   00000004    r-- .const:ti_sysbios_heaps_HeapMem_reqAlign__C
  000004c8    000004c8    00000004   00000004    r-- .const:ti_sysbios_knl_Clock_serviceMargin__C
  000004cc    000004cc    00000004   00000004    r-- .const:ti_sysbios_knl_Mailbox_Object__count__C
  000004d0    000004d0    00000004   00000004    r-- .const:ti_sysbios_knl_Mailbox_Object__table__C
  000004d4    000004d4    00000004   00000004    r-- .const:ti_sysbios_knl_Queue_Object__count__C
  000004d8    000004d8    00000004   00000004    r-- .const:ti_sysbios_knl_Queue_Object__table__C
  000004dc    000004dc    00000004   00000004    r-- .const:ti_sysbios_knl_Swi_Object__count__C
  000004e0    000004e0    00000004   00000004    r-- .const:ti_sysbios_knl_Swi_Object__table__C
  000004e4    000004e4    00000004   00000004    r-- .const:ti_sysbios_knl_Swi_numPriorities__C
  000004e8    000004e8    00000004   00000004    r-- .const:ti_sysbios_knl_Task_Object__count__C
  000004ec    000004ec    00000004   00000004    r-- .const:ti_sysbios_knl_Task_Object__table__C
  000004f0    000004f0    00000004   00000004    r-- .const:ti_sysbios_knl_Task_allBlockedFunc__C
  000004f4    000004f4    00000004   00000004    r-- .const:ti_sysbios_knl_Task_defaultStackHeap__C
  000004f8    000004f8    00000004   00000004    r-- .const:ti_sysbios_knl_Task_defaultStackSize__C
  000004fc    000004fc    00000004   00000004    r-- .const:ti_sysbios_knl_Task_numConstructedTasks__C
  00000500    00000500    00000002   00000002    r-x .text.3
  00000502    00000502    00000002   00000002    r-- .const:ti_sysbios_family_arm_cc26xx_Timer_Module__id__C
  00000504    00000504    00000002   00000002    r-- .const:ti_sysbios_family_arm_cc26xx_TimestampProvider_useClockTimer__C
  00000506    00000506    00000002   00000002    r-- .const:ti_sysbios_family_arm_m3_Hwi_Module__id__C
  00000508    00000508    00000002   00000002    r-- .const:ti_sysbios_gates_GateHwi_Module__id__C
  0000050a    0000050a    00000002   00000002    r-- .const:ti_sysbios_gates_GateMutex_Module__id__C
  0000050c    0000050c    00000002   00000002    r-- .const:ti_sysbios_heaps_HeapMem_Module__id__C
  0000050e    0000050e    00000002   00000002    r-- .const:ti_sysbios_knl_Task_initStackFlag__C
  00000510    00000510    00000001   00000001    r-- .const:ti_sysbios_knl_Clock_tickMode__C
  00000514    00000514    00000008   00000008    r-- .const:xdc_runtime_Startup_firstFxns__C
  0000051c    0000051c    00000008   00000008    r-- .const:xdc_runtime_Startup_lastFxns__C
  00000524    00000524    00000004   00000004    r-- .const:xdc_runtime_Assert_E_assertFailed__C
  00000528    00000528    00000004   00000004    r-- .const:xdc_runtime_Error_E_memory__C
  0000052c    0000052c    00000004   00000004    r-- .const:xdc_runtime_Error_policyFxn__C
  00000530    00000530    00000004   00000004    r-- .const:xdc_runtime_IGateProvider_Interface__BASE__C
  00000534    00000534    00000004   00000004    r-- .const:xdc_runtime_IHeap_Interface__BASE__C
  00000538    00000538    00000004   00000004    r-- .const:xdc_runtime_IModule_Interface__BASE__C
  0000053c    0000053c    00000004   00000004    r-- .const:xdc_runtime_Main_Module__diagsEnabled__C
  00000540    00000540    00000004   00000004    r-- .const:xdc_runtime_Main_Module__diagsIncluded__C
  00000544    00000544    00000004   00000004    r-- .const:xdc_runtime_Main_Module__diagsMask__C
  00000548    00000548    00000004   00000004    r-- .const:xdc_runtime_Memory_defaultHeapInstance__C
  0000054c    0000054c    00000004   00000004    r-- .const:xdc_runtime_Startup_execImpl__C
  00000550    00000550    00000004   00000004    r-- .const:xdc_runtime_Startup_maxPasses__C
  00000554    00000554    00000004   00000004    r-- .const:xdc_runtime_Startup_sfxnRts__C
  00000558    00000558    00000004   00000004    r-- .const:xdc_runtime_Startup_sfxnTab__C
  0000055c    0000055c    00000004   00000004    r-- .const:xdc_runtime_Startup_startModsFxn__C
  00000560    00000560    00000004   00000004    r-- .const:xdc_runtime_SysCallback_abortFxn__C
  00000564    00000564    00000004   00000004    r-- .const:xdc_runtime_SysCallback_exitFxn__C
  00000568    00000568    00000004   00000004    r-- .const:xdc_runtime_System_abortFxn__C
  0000056c    0000056c    00000004   00000004    r-- .const:xdc_runtime_System_exitFxn__C
  00000570    00000570    00000004   00000004    r-- .const:xdc_runtime_System_maxAtexitHandlers__C
  00000574    00000574    00000004   00000004    r-- .const:xdc_runtime_Text_charTab__C
  00000578    00000578    00000004   00000004    r-- .const:xdc_runtime_Text_nameEmpty__C
  0000057c    0000057c    00000004   00000004    r-- .const:xdc_runtime_Text_nameStatic__C
  00000580    00000580    00000004   00000004    r-- .const:xdc_runtime_Text_nameUnknown__C
  00000584    00000584    00000002   00000002    r-- .const:xdc_runtime_Main_Module__id__C
  00000586    00000586    00000002   00000002    r-- .const:xdc_runtime_Memory_Module__id__C
  00000588    00000588    00000002   00000002    r-- .const:xdc_runtime_Text_charCnt__C
  0000058a    0000058a    00000002   00000002    r-- .const:xdc_runtime_Text_isLoaded__C
  0000058c    0000058c    00000001   00000001    r-- .const:xdc_runtime_Error_policy__C
  00000590    00000590    00000004   00000004    r-- .const:ti_sysbios_rom_ROM_AONRTCChannelEnable
  00000594    00000594    00000004   00000004    r-- .const:ti_sysbios_rom_ROM_AONRTCCompareValueSet
  00000598    00000598    00000004   00000004    r-- .const:ti_sysbios_rom_ROM_AONRTCCurrentCompareValueGet
  0000059c    0000059c    00000004   00000004    r-- .const:ti_sysbios_rom_ROM_AONRTCEventClear
  000005a0    000005a0    00000004   00000004    r-- .const:ti_sysbios_rom_ROM_ti_sysbios_family_arm_cc26xx_Timer_getCount64__E
  000005a4    000005a4    00000004   00000004    r-- .const:ti_sysbios_rom_ROM_ti_sysbios_family_arm_cc26xx_Timer_getCurrentTick__E
  000005a8    000005a8    00000004   00000004    r-- .const:ti_sysbios_rom_ROM_ti_sysbios_family_arm_cc26xx_Timer_getMaxTicks__E
  000005ac    000005ac    00000004   00000004    r-- .const:ti_sysbios_rom_ROM_ti_sysbios_family_arm_cc26xx_Timer_initDevice__I
  000005b0    000005b0    00000004   00000004    r-- .const:ti_sysbios_rom_ROM_ti_sysbios_family_arm_cc26xx_Timer_setNextTick__E
  000005b4    000005b4    00000004   00000004    r-- .const:ti_sysbios_rom_ROM_ti_sysbios_family_arm_cc26xx_Timer_setThreshold__I
  000005b8    000005b8    00000004   00000004    r-- .const:ti_sysbios_rom_ROM_ti_sysbios_family_arm_cc26xx_Timer_start__E
  000005bc    000005bc    00000004   00000004    r-- .const:ti_sysbios_rom_ROM_ti_sysbios_family_arm_cc26xx_TimestampProvider_get32__E
  000005c0    000005c0    00000004   00000004    r-- .const:ti_sysbios_rom_ROM_xdc_runtime_Startup_getState__I
  000005c4    000005c4    00000004   00000004    r-- .const:ti_sysbios_rom_ROM_xdc_runtime_System_SupportProxy_abort__E
  000005c8    000005c8    00000004   00000004    r-- .const:ti_sysbios_rom_ROM_xdc_runtime_System_SupportProxy_exit__E
  000005cc    000005cc    00000004   00000004    r-- .const:ti_sysbios_gates_GateMutex_Instance_State_sem__O
  000005d0    000005d0    00000004   00000004    r-- .const:ti_sysbios_knl_Clock_Module_State_clockQ__O
  000005d4    000005d4    00000004   00000004    r-- .const:ti_sysbios_knl_Mailbox_Instance_State_dataQue__O
  000005d8    000005d8    00000004   00000004    r-- .const:ti_sysbios_knl_Mailbox_Instance_State_dataSem__O
  000005dc    000005dc    00000004   00000004    r-- .const:ti_sysbios_knl_Mailbox_Instance_State_freeQue__O
  000005e0    000005e0    00000004   00000004    r-- .const:ti_sysbios_knl_Mailbox_Instance_State_freeSem__O
  000005e4    000005e4    00000004   00000004    r-- .const:ti_sysbios_knl_Semaphore_Instance_State_pendQ__O
  000005e8    000005e8    00000004   00000004    r-- .const:ti_sysbios_knl_Task_Module_State_inactiveQ__O
  000005ec    000005ec    0000925c   0000925c    r-x .text.4
  00009848    00009848    00001c62   00001c62    r-- .const
0000b4ac    0000b4ac    00000008   00000008    rw-
  0000b4ac    0000b4ac    00000008   00000008    rw- .args
0000b4b8    0000b4b8    000004f8   000004f8    r--
  0000b4b8    0000b4b8    000004f8   000004f8    r-- .cinit
0001ffa8    0001ffa8    00000058   00000058    r--
  0001ffa8    0001ffa8    00000058   00000058    r-- .ccfg
20000100    20000100    0000250b   00000000    rw-
  20000100    20000100    00000044   00000000    rw- .data:ti_sysbios_knl_Task_Module__state__V
  20000144    20000144    00000034   00000000    rw- .data:ti_sysbios_family_arm_m3_Hwi_Module__state__V
  20000178    20000178    0000002c   00000000    rw- .data:ti_sysbios_knl_Clock_Module__state__V
  200001a4    200001a4    00000024   00000000    rw- .data:ti_sysbios_BIOS_Module__state__V
  200001c8    200001c8    0000001c   00000000    rw- .data:ti_sysbios_knl_Swi_Module__state__V
  200001e4    200001e4    00000008   00000000    rw- .data:ti_sysbios_family_arm_cc26xx_Timer_Module__state__V
  200001ec    200001ec    00000004   00000000    rw- .data:ti_sysbios_family_arm_cc26xx_TimestampProvider_Module__state__V
  200001f0    200001f0    00000008   00000000    rw- .data:xdc_runtime_Startup_Module__state__V
  200001f8    200001f8    00000008   00000000    rw- .data:xdc_runtime_System_Module__state__V
  20000200    20000200    00000004   00000000    rw- .data:xdc_runtime_Memory_Module__state__V
  20000208    20000208    00001741   00000000    rw- .data
  20001950    20001950    00000cbb   00000000    rw- .bss
20003f48    20003f48    00000400   00000000    rw-
  20003f48    20003f48    00000400   00000000    rw- .stack


SECTION ALLOCATION MAP

 output                                  attributes/
section   page    origin      length       input sections
--------  ----  ----------  ----------   ----------------
.text.1    0    0000003c    000000c4     
                  0000003c    000000b8     project_zero.obj (.text:user_gapStateChangeCB$0)
                  000000f4    0000000c     rf_singleMode_cc26xxware.aem3 : RFCC26XX_singleMode.oem3 (.text:FsmNextState)

.const:ti_sysbios_knl_Task_Object__PARAMS__C 
*          0    00000100    0000003c     
                  00000100    0000003c     app_ble_uartlog_pem3.oem3 (.const:ti_sysbios_knl_Task_Object__PARAMS__C)

.const:ti_sysbios_knl_Mailbox_Object__PARAMS__C 
*          0    0000013c    00000034     
                  0000013c    00000034     app_ble_uartlog_pem3.oem3 (.const:ti_sysbios_knl_Mailbox_Object__PARAMS__C)

.const:ti_sysbios_family_arm_m3_Hwi_Object__PARAMS__C 
*          0    00000170    00000030     
                  00000170    00000030     app_ble_uartlog_pem3.oem3 (.const:ti_sysbios_family_arm_m3_Hwi_Object__PARAMS__C)

.const:ti_sysbios_hal_Hwi_Object__PARAMS__C 
*          0    000001a0    0000002c     
                  000001a0    0000002c     app_ble_uartlog_pem3.oem3 (.const:ti_sysbios_hal_Hwi_Object__PARAMS__C)

.const:ti_sysbios_heaps_HeapMem_Module__FXNS__C 
*          0    000001cc    00000028     
                  000001cc    00000028     app_ble_uartlog_pem3.oem3 (.const:ti_sysbios_heaps_HeapMem_Module__FXNS__C)

.const:ti_sysbios_knl_Swi_Object__PARAMS__C 
*          0    000001f4    00000028     
                  000001f4    00000028     app_ble_uartlog_pem3.oem3 (.const:ti_sysbios_knl_Swi_Object__PARAMS__C)

.const:ti_sysbios_gates_GateHwi_Module__FXNS__C 
*          0    0000021c    00000024     
                  0000021c    00000024     app_ble_uartlog_pem3.oem3 (.const:ti_sysbios_gates_GateHwi_Module__FXNS__C)

.const:ti_sysbios_gates_GateMutex_Module__FXNS__C 
*          0    00000240    00000024     
                  00000240    00000024     app_ble_uartlog_pem3.oem3 (.const:ti_sysbios_gates_GateMutex_Module__FXNS__C)

.const:ti_sysbios_heaps_HeapMem_Object__PARAMS__C 
*          0    00000264    00000024     
                  00000264    00000024     app_ble_uartlog_pem3.oem3 (.const:ti_sysbios_heaps_HeapMem_Object__PARAMS__C)

.const:ti_sysbios_knl_Clock_Object__PARAMS__C 
*          0    00000288    00000024     
                  00000288    00000024     app_ble_uartlog_pem3.oem3 (.const:ti_sysbios_knl_Clock_Object__PARAMS__C)

.const:ti_sysbios_knl_Semaphore_Object__PARAMS__C 
*          0    000002ac    00000024     
                  000002ac    00000024     app_ble_uartlog_pem3.oem3 (.const:ti_sysbios_knl_Semaphore_Object__PARAMS__C)

.const:ti_sysbios_family_arm_m3_Hwi_Object__DESC__C 
*          0    000002d0    00000020     
                  000002d0    00000020     app_ble_uartlog_pem3.oem3 (.const:ti_sysbios_family_arm_m3_Hwi_Object__DESC__C)

.const:ti_sysbios_gates_GateHwi_Object__DESC__C 
*          0    000002f0    00000020     
                  000002f0    00000020     app_ble_uartlog_pem3.oem3 (.const:ti_sysbios_gates_GateHwi_Object__DESC__C)

.const:ti_sysbios_gates_GateMutex_Object__DESC__C 
*          0    00000310    00000020     
                  00000310    00000020     app_ble_uartlog_pem3.oem3 (.const:ti_sysbios_gates_GateMutex_Object__DESC__C)

.const:ti_sysbios_hal_Hwi_Object__DESC__C 
*          0    00000330    00000020     
                  00000330    00000020     app_ble_uartlog_pem3.oem3 (.const:ti_sysbios_hal_Hwi_Object__DESC__C)

.const:ti_sysbios_heaps_HeapMem_Object__DESC__C 
*          0    00000350    00000020     
                  00000350    00000020     app_ble_uartlog_pem3.oem3 (.const:ti_sysbios_heaps_HeapMem_Object__DESC__C)

.const:ti_sysbios_knl_Clock_Object__DESC__C 
*          0    00000370    00000020     
                  00000370    00000020     app_ble_uartlog_pem3.oem3 (.const:ti_sysbios_knl_Clock_Object__DESC__C)

.const:ti_sysbios_knl_Mailbox_Object__DESC__C 
*          0    00000390    00000020     
                  00000390    00000020     app_ble_uartlog_pem3.oem3 (.const:ti_sysbios_knl_Mailbox_Object__DESC__C)

.const:ti_sysbios_knl_Queue_Object__DESC__C 
*          0    000003b0    00000020     
                  000003b0    00000020     app_ble_uartlog_pem3.oem3 (.const:ti_sysbios_knl_Queue_Object__DESC__C)

.const:ti_sysbios_knl_Semaphore_Object__DESC__C 
*          0    000003d0    00000020     
                  000003d0    00000020     app_ble_uartlog_pem3.oem3 (.const:ti_sysbios_knl_Semaphore_Object__DESC__C)

.const:ti_sysbios_knl_Swi_Object__DESC__C 
*          0    000003f0    00000020     
                  000003f0    00000020     app_ble_uartlog_pem3.oem3 (.const:ti_sysbios_knl_Swi_Object__DESC__C)

.const:ti_sysbios_knl_Task_Object__DESC__C 
*          0    00000410    00000020     
                  00000410    00000020     app_ble_uartlog_pem3.oem3 (.const:ti_sysbios_knl_Task_Object__DESC__C)

.const:ti_sysbios_gates_GateHwi_Object__PARAMS__C 
*          0    00000430    00000018     
                  00000430    00000018     app_ble_uartlog_pem3.oem3 (.const:ti_sysbios_gates_GateHwi_Object__PARAMS__C)

.const:ti_sysbios_gates_GateMutex_Object__PARAMS__C 
*          0    00000448    00000018     
                  00000448    00000018     app_ble_uartlog_pem3.oem3 (.const:ti_sysbios_gates_GateMutex_Object__PARAMS__C)

.const:ti_sysbios_knl_Queue_Object__PARAMS__C 
*          0    00000460    00000018     
                  00000460    00000018     app_ble_uartlog_pem3.oem3 (.const:ti_sysbios_knl_Queue_Object__PARAMS__C)

.const:ti_sysbios_knl_Idle_funcList__C 
*          0    00000478    00000008     
                  00000478    00000008     app_ble_uartlog_pem3.oem3 (.const:ti_sysbios_knl_Idle_funcList__C)

.text.2    0    00000480    00000004     
                  00000480    00000004     icall.obj (.text:ICall_primAbort$5)

.const:ti_sysbios_family_arm_cc26xx_Timer_startupNeeded__C 
*          0    00000484    00000004     
                  00000484    00000004     app_ble_uartlog_pem3.oem3 (.const:ti_sysbios_family_arm_cc26xx_Timer_startupNeeded__C)

.const:ti_sysbios_family_arm_m3_Hwi_E_alreadyDefined__C 
*          0    00000488    00000004     
                  00000488    00000004     app_ble_uartlog_pem3.oem3 (.const:ti_sysbios_family_arm_m3_Hwi_E_alreadyDefined__C)

.const:ti_sysbios_family_arm_m3_Hwi_E_hwiLimitExceeded__C 
*          0    0000048c    00000004     
                  0000048c    00000004     app_ble_uartlog_pem3.oem3 (.const:ti_sysbios_family_arm_m3_Hwi_E_hwiLimitExceeded__C)

.const:ti_sysbios_family_arm_m3_Hwi_NUM_INTERRUPTS__C 
*          0    00000490    00000004     
                  00000490    00000004     app_ble_uartlog_pem3.oem3 (.const:ti_sysbios_family_arm_m3_Hwi_NUM_INTERRUPTS__C)

.const:ti_sysbios_family_arm_m3_Hwi_Object__count__C 
*          0    00000494    00000004     
                  00000494    00000004     app_ble_uartlog_pem3.oem3 (.const:ti_sysbios_family_arm_m3_Hwi_Object__count__C)

.const:ti_sysbios_family_arm_m3_Hwi_Object__table__C 
*          0    00000498    00000004     
                  00000498    00000004     app_ble_uartlog_pem3.oem3 (.const:ti_sysbios_family_arm_m3_Hwi_Object__table__C)

.const:ti_sysbios_family_arm_m3_Hwi_ccr__C 
*          0    0000049c    00000004     
                  0000049c    00000004     app_ble_uartlog_pem3.oem3 (.const:ti_sysbios_family_arm_m3_Hwi_ccr__C)

.const:ti_sysbios_family_arm_m3_Hwi_excHandlerFunc__C 
*          0    000004a0    00000004     
                  000004a0    00000004     app_ble_uartlog_pem3.oem3 (.const:ti_sysbios_family_arm_m3_Hwi_excHandlerFunc__C)

.const:ti_sysbios_family_arm_m3_Hwi_nullIsrFunc__C 
*          0    000004a4    00000004     
                  000004a4    00000004     app_ble_uartlog_pem3.oem3 (.const:ti_sysbios_family_arm_m3_Hwi_nullIsrFunc__C)

.const:ti_sysbios_family_arm_m3_Hwi_numSparseInterrupts__C 
*          0    000004a8    00000004     
                  000004a8    00000004     app_ble_uartlog_pem3.oem3 (.const:ti_sysbios_family_arm_m3_Hwi_numSparseInterrupts__C)

.const:ti_sysbios_family_arm_m3_Hwi_priGroup__C 
*          0    000004ac    00000004     
                  000004ac    00000004     app_ble_uartlog_pem3.oem3 (.const:ti_sysbios_family_arm_m3_Hwi_priGroup__C)

.const:ti_sysbios_family_arm_m3_TaskSupport_stackAlignment__C 
*          0    000004b0    00000004     
                  000004b0    00000004     app_ble_uartlog_pem3.oem3 (.const:ti_sysbios_family_arm_m3_TaskSupport_stackAlignment__C)

.const:ti_sysbios_heaps_HeapMem_E_memory__C 
*          0    000004b4    00000004     
                  000004b4    00000004     app_ble_uartlog_pem3.oem3 (.const:ti_sysbios_heaps_HeapMem_E_memory__C)

.const:ti_sysbios_heaps_HeapMem_Module__gateObj__C 
*          0    000004b8    00000004     
                  000004b8    00000004     app_ble_uartlog_pem3.oem3 (.const:ti_sysbios_heaps_HeapMem_Module__gateObj__C)

.const:ti_sysbios_heaps_HeapMem_Object__count__C 
*          0    000004bc    00000004     
                  000004bc    00000004     app_ble_uartlog_pem3.oem3 (.const:ti_sysbios_heaps_HeapMem_Object__count__C)

.const:ti_sysbios_heaps_HeapMem_Object__table__C 
*          0    000004c0    00000004     
                  000004c0    00000004     app_ble_uartlog_pem3.oem3 (.const:ti_sysbios_heaps_HeapMem_Object__table__C)

.const:ti_sysbios_heaps_HeapMem_reqAlign__C 
*          0    000004c4    00000004     
                  000004c4    00000004     app_ble_uartlog_pem3.oem3 (.const:ti_sysbios_heaps_HeapMem_reqAlign__C)

.const:ti_sysbios_knl_Clock_serviceMargin__C 
*          0    000004c8    00000004     
                  000004c8    00000004     app_ble_uartlog_pem3.oem3 (.const:ti_sysbios_knl_Clock_serviceMargin__C)

.const:ti_sysbios_knl_Mailbox_Object__count__C 
*          0    000004cc    00000004     
                  000004cc    00000004     app_ble_uartlog_pem3.oem3 (.const:ti_sysbios_knl_Mailbox_Object__count__C)

.const:ti_sysbios_knl_Mailbox_Object__table__C 
*          0    000004d0    00000004     
                  000004d0    00000004     app_ble_uartlog_pem3.oem3 (.const:ti_sysbios_knl_Mailbox_Object__table__C)

.const:ti_sysbios_knl_Queue_Object__count__C 
*          0    000004d4    00000004     
                  000004d4    00000004     app_ble_uartlog_pem3.oem3 (.const:ti_sysbios_knl_Queue_Object__count__C)

.const:ti_sysbios_knl_Queue_Object__table__C 
*          0    000004d8    00000004     
                  000004d8    00000004     app_ble_uartlog_pem3.oem3 (.const:ti_sysbios_knl_Queue_Object__table__C)

.const:ti_sysbios_knl_Swi_Object__count__C 
*          0    000004dc    00000004     
                  000004dc    00000004     app_ble_uartlog_pem3.oem3 (.const:ti_sysbios_knl_Swi_Object__count__C)

.const:ti_sysbios_knl_Swi_Object__table__C 
*          0    000004e0    00000004     
                  000004e0    00000004     app_ble_uartlog_pem3.oem3 (.const:ti_sysbios_knl_Swi_Object__table__C)

.const:ti_sysbios_knl_Swi_numPriorities__C 
*          0    000004e4    00000004     
                  000004e4    00000004     app_ble_uartlog_pem3.oem3 (.const:ti_sysbios_knl_Swi_numPriorities__C)

.const:ti_sysbios_knl_Task_Object__count__C 
*          0    000004e8    00000004     
                  000004e8    00000004     app_ble_uartlog_pem3.oem3 (.const:ti_sysbios_knl_Task_Object__count__C)

.const:ti_sysbios_knl_Task_Object__table__C 
*          0    000004ec    00000004     
                  000004ec    00000004     app_ble_uartlog_pem3.oem3 (.const:ti_sysbios_knl_Task_Object__table__C)

.const:ti_sysbios_knl_Task_allBlockedFunc__C 
*          0    000004f0    00000004     
                  000004f0    00000004     app_ble_uartlog_pem3.oem3 (.const:ti_sysbios_knl_Task_allBlockedFunc__C)

.const:ti_sysbios_knl_Task_defaultStackHeap__C 
*          0    000004f4    00000004     
                  000004f4    00000004     app_ble_uartlog_pem3.oem3 (.const:ti_sysbios_knl_Task_defaultStackHeap__C)

.const:ti_sysbios_knl_Task_defaultStackSize__C 
*          0    000004f8    00000004     
                  000004f8    00000004     app_ble_uartlog_pem3.oem3 (.const:ti_sysbios_knl_Task_defaultStackSize__C)

.const:ti_sysbios_knl_Task_numConstructedTasks__C 
*          0    000004fc    00000004     
                  000004fc    00000004     app_ble_uartlog_pem3.oem3 (.const:ti_sysbios_knl_Task_numConstructedTasks__C)

.text.3    0    00000500    00000002     
                  00000500    00000002     ble_user_config.obj (.text:DefaultAssertCback)

.const:ti_sysbios_family_arm_cc26xx_Timer_Module__id__C 
*          0    00000502    00000002     
                  00000502    00000002     app_ble_uartlog_pem3.oem3 (.const:ti_sysbios_family_arm_cc26xx_Timer_Module__id__C)

.const:ti_sysbios_family_arm_cc26xx_TimestampProvider_useClockTimer__C 
*          0    00000504    00000002     
                  00000504    00000002     app_ble_uartlog_pem3.oem3 (.const:ti_sysbios_family_arm_cc26xx_TimestampProvider_useClockTimer__C)

.const:ti_sysbios_family_arm_m3_Hwi_Module__id__C 
*          0    00000506    00000002     
                  00000506    00000002     app_ble_uartlog_pem3.oem3 (.const:ti_sysbios_family_arm_m3_Hwi_Module__id__C)

.const:ti_sysbios_gates_GateHwi_Module__id__C 
*          0    00000508    00000002     
                  00000508    00000002     app_ble_uartlog_pem3.oem3 (.const:ti_sysbios_gates_GateHwi_Module__id__C)

.const:ti_sysbios_gates_GateMutex_Module__id__C 
*          0    0000050a    00000002     
                  0000050a    00000002     app_ble_uartlog_pem3.oem3 (.const:ti_sysbios_gates_GateMutex_Module__id__C)

.const:ti_sysbios_heaps_HeapMem_Module__id__C 
*          0    0000050c    00000002     
                  0000050c    00000002     app_ble_uartlog_pem3.oem3 (.const:ti_sysbios_heaps_HeapMem_Module__id__C)

.const:ti_sysbios_knl_Task_initStackFlag__C 
*          0    0000050e    00000002     
                  0000050e    00000002     app_ble_uartlog_pem3.oem3 (.const:ti_sysbios_knl_Task_initStackFlag__C)

.const:ti_sysbios_knl_Clock_tickMode__C 
*          0    00000510    00000001     
                  00000510    00000001     app_ble_uartlog_pem3.oem3 (.const:ti_sysbios_knl_Clock_tickMode__C)

.const:xdc_runtime_Startup_firstFxns__C 
*          0    00000514    00000008     
                  00000514    00000008     app_ble_uartlog_pem3.oem3 (.const:xdc_runtime_Startup_firstFxns__C)

.const:xdc_runtime_Startup_lastFxns__C 
*          0    0000051c    00000008     
                  0000051c    00000008     app_ble_uartlog_pem3.oem3 (.const:xdc_runtime_Startup_lastFxns__C)

.const:xdc_runtime_Assert_E_assertFailed__C 
*          0    00000524    00000004     
                  00000524    00000004     app_ble_uartlog_pem3.oem3 (.const:xdc_runtime_Assert_E_assertFailed__C)

.const:xdc_runtime_Error_E_memory__C 
*          0    00000528    00000004     
                  00000528    00000004     app_ble_uartlog_pem3.oem3 (.const:xdc_runtime_Error_E_memory__C)

.const:xdc_runtime_Error_policyFxn__C 
*          0    0000052c    00000004     
                  0000052c    00000004     app_ble_uartlog_pem3.oem3 (.const:xdc_runtime_Error_policyFxn__C)

.const:xdc_runtime_IGateProvider_Interface__BASE__C 
*          0    00000530    00000004     
                  00000530    00000004     app_ble_uartlog_pem3.oem3 (.const:xdc_runtime_IGateProvider_Interface__BASE__C)

.const:xdc_runtime_IHeap_Interface__BASE__C 
*          0    00000534    00000004     
                  00000534    00000004     app_ble_uartlog_pem3.oem3 (.const:xdc_runtime_IHeap_Interface__BASE__C)

.const:xdc_runtime_IModule_Interface__BASE__C 
*          0    00000538    00000004     
                  00000538    00000004     app_ble_uartlog_pem3.oem3 (.const:xdc_runtime_IModule_Interface__BASE__C)

.const:xdc_runtime_Main_Module__diagsEnabled__C 
*          0    0000053c    00000004     
                  0000053c    00000004     app_ble_uartlog_pem3.oem3 (.const:xdc_runtime_Main_Module__diagsEnabled__C)

.const:xdc_runtime_Main_Module__diagsIncluded__C 
*          0    00000540    00000004     
                  00000540    00000004     app_ble_uartlog_pem3.oem3 (.const:xdc_runtime_Main_Module__diagsIncluded__C)

.const:xdc_runtime_Main_Module__diagsMask__C 
*          0    00000544    00000004     
                  00000544    00000004     app_ble_uartlog_pem3.oem3 (.const:xdc_runtime_Main_Module__diagsMask__C)

.const:xdc_runtime_Memory_defaultHeapInstance__C 
*          0    00000548    00000004     
                  00000548    00000004     app_ble_uartlog_pem3.oem3 (.const:xdc_runtime_Memory_defaultHeapInstance__C)

.const:xdc_runtime_Startup_execImpl__C 
*          0    0000054c    00000004     
                  0000054c    00000004     app_ble_uartlog_pem3.oem3 (.const:xdc_runtime_Startup_execImpl__C)

.const:xdc_runtime_Startup_maxPasses__C 
*          0    00000550    00000004     
                  00000550    00000004     app_ble_uartlog_pem3.oem3 (.const:xdc_runtime_Startup_maxPasses__C)

.const:xdc_runtime_Startup_sfxnRts__C 
*          0    00000554    00000004     
                  00000554    00000004     app_ble_uartlog_pem3.oem3 (.const:xdc_runtime_Startup_sfxnRts__C)

.const:xdc_runtime_Startup_sfxnTab__C 
*          0    00000558    00000004     
                  00000558    00000004     app_ble_uartlog_pem3.oem3 (.const:xdc_runtime_Startup_sfxnTab__C)

.const:xdc_runtime_Startup_startModsFxn__C 
*          0    0000055c    00000004     
                  0000055c    00000004     app_ble_uartlog_pem3.oem3 (.const:xdc_runtime_Startup_startModsFxn__C)

.const:xdc_runtime_SysCallback_abortFxn__C 
*          0    00000560    00000004     
                  00000560    00000004     app_ble_uartlog_pem3.oem3 (.const:xdc_runtime_SysCallback_abortFxn__C)

.const:xdc_runtime_SysCallback_exitFxn__C 
*          0    00000564    00000004     
                  00000564    00000004     app_ble_uartlog_pem3.oem3 (.const:xdc_runtime_SysCallback_exitFxn__C)

.const:xdc_runtime_System_abortFxn__C 
*          0    00000568    00000004     
                  00000568    00000004     app_ble_uartlog_pem3.oem3 (.const:xdc_runtime_System_abortFxn__C)

.const:xdc_runtime_System_exitFxn__C 
*          0    0000056c    00000004     
                  0000056c    00000004     app_ble_uartlog_pem3.oem3 (.const:xdc_runtime_System_exitFxn__C)

.const:xdc_runtime_System_maxAtexitHandlers__C 
*          0    00000570    00000004     
                  00000570    00000004     app_ble_uartlog_pem3.oem3 (.const:xdc_runtime_System_maxAtexitHandlers__C)

.const:xdc_runtime_Text_charTab__C 
*          0    00000574    00000004     
                  00000574    00000004     app_ble_uartlog_pem3.oem3 (.const:xdc_runtime_Text_charTab__C)

.const:xdc_runtime_Text_nameEmpty__C 
*          0    00000578    00000004     
                  00000578    00000004     app_ble_uartlog_pem3.oem3 (.const:xdc_runtime_Text_nameEmpty__C)

.const:xdc_runtime_Text_nameStatic__C 
*          0    0000057c    00000004     
                  0000057c    00000004     app_ble_uartlog_pem3.oem3 (.const:xdc_runtime_Text_nameStatic__C)

.const:xdc_runtime_Text_nameUnknown__C 
*          0    00000580    00000004     
                  00000580    00000004     app_ble_uartlog_pem3.oem3 (.const:xdc_runtime_Text_nameUnknown__C)

.const:xdc_runtime_Main_Module__id__C 
*          0    00000584    00000002     
                  00000584    00000002     app_ble_uartlog_pem3.oem3 (.const:xdc_runtime_Main_Module__id__C)

.const:xdc_runtime_Memory_Module__id__C 
*          0    00000586    00000002     
                  00000586    00000002     app_ble_uartlog_pem3.oem3 (.const:xdc_runtime_Memory_Module__id__C)

.const:xdc_runtime_Text_charCnt__C 
*          0    00000588    00000002     
                  00000588    00000002     app_ble_uartlog_pem3.oem3 (.const:xdc_runtime_Text_charCnt__C)

.const:xdc_runtime_Text_isLoaded__C 
*          0    0000058a    00000002     
                  0000058a    00000002     app_ble_uartlog_pem3.oem3 (.const:xdc_runtime_Text_isLoaded__C)

.const:xdc_runtime_Error_policy__C 
*          0    0000058c    00000001     
                  0000058c    00000001     app_ble_uartlog_pem3.oem3 (.const:xdc_runtime_Error_policy__C)

.const:ti_sysbios_rom_ROM_AONRTCChannelEnable 
*          0    00000590    00000004     
                  00000590    00000004     app_ble_uartlog_pem3.oem3 (.const:ti_sysbios_rom_ROM_AONRTCChannelEnable)

.const:ti_sysbios_rom_ROM_AONRTCCompareValueSet 
*          0    00000594    00000004     
                  00000594    00000004     app_ble_uartlog_pem3.oem3 (.const:ti_sysbios_rom_ROM_AONRTCCompareValueSet)

.const:ti_sysbios_rom_ROM_AONRTCCurrentCompareValueGet 
*          0    00000598    00000004     
                  00000598    00000004     app_ble_uartlog_pem3.oem3 (.const:ti_sysbios_rom_ROM_AONRTCCurrentCompareValueGet)

.const:ti_sysbios_rom_ROM_AONRTCEventClear 
*          0    0000059c    00000004     
                  0000059c    00000004     app_ble_uartlog_pem3.oem3 (.const:ti_sysbios_rom_ROM_AONRTCEventClear)

.const:ti_sysbios_rom_ROM_ti_sysbios_family_arm_cc26xx_Timer_getCount64__E 
*          0    000005a0    00000004     
                  000005a0    00000004     app_ble_uartlog_pem3.oem3 (.const:ti_sysbios_rom_ROM_ti_sysbios_family_arm_cc26xx_Timer_getCount64__E)

.const:ti_sysbios_rom_ROM_ti_sysbios_family_arm_cc26xx_Timer_getCurrentTick__E 
*          0    000005a4    00000004     
                  000005a4    00000004     app_ble_uartlog_pem3.oem3 (.const:ti_sysbios_rom_ROM_ti_sysbios_family_arm_cc26xx_Timer_getCurrentTick__E)

.const:ti_sysbios_rom_ROM_ti_sysbios_family_arm_cc26xx_Timer_getMaxTicks__E 
*          0    000005a8    00000004     
                  000005a8    00000004     app_ble_uartlog_pem3.oem3 (.const:ti_sysbios_rom_ROM_ti_sysbios_family_arm_cc26xx_Timer_getMaxTicks__E)

.const:ti_sysbios_rom_ROM_ti_sysbios_family_arm_cc26xx_Timer_initDevice__I 
*          0    000005ac    00000004     
                  000005ac    00000004     app_ble_uartlog_pem3.oem3 (.const:ti_sysbios_rom_ROM_ti_sysbios_family_arm_cc26xx_Timer_initDevice__I)

.const:ti_sysbios_rom_ROM_ti_sysbios_family_arm_cc26xx_Timer_setNextTick__E 
*          0    000005b0    00000004     
                  000005b0    00000004     app_ble_uartlog_pem3.oem3 (.const:ti_sysbios_rom_ROM_ti_sysbios_family_arm_cc26xx_Timer_setNextTick__E)

.const:ti_sysbios_rom_ROM_ti_sysbios_family_arm_cc26xx_Timer_setThreshold__I 
*          0    000005b4    00000004     
                  000005b4    00000004     app_ble_uartlog_pem3.oem3 (.const:ti_sysbios_rom_ROM_ti_sysbios_family_arm_cc26xx_Timer_setThreshold__I)

.const:ti_sysbios_rom_ROM_ti_sysbios_family_arm_cc26xx_Timer_start__E 
*          0    000005b8    00000004     
                  000005b8    00000004     app_ble_uartlog_pem3.oem3 (.const:ti_sysbios_rom_ROM_ti_sysbios_family_arm_cc26xx_Timer_start__E)

.const:ti_sysbios_rom_ROM_ti_sysbios_family_arm_cc26xx_TimestampProvider_get32__E 
*          0    000005bc    00000004     
                  000005bc    00000004     app_ble_uartlog_pem3.oem3 (.const:ti_sysbios_rom_ROM_ti_sysbios_family_arm_cc26xx_TimestampProvider_get32__E)

.const:ti_sysbios_rom_ROM_xdc_runtime_Startup_getState__I 
*          0    000005c0    00000004     
                  000005c0    00000004     app_ble_uartlog_pem3.oem3 (.const:ti_sysbios_rom_ROM_xdc_runtime_Startup_getState__I)

.const:ti_sysbios_rom_ROM_xdc_runtime_System_SupportProxy_abort__E 
*          0    000005c4    00000004     
                  000005c4    00000004     app_ble_uartlog_pem3.oem3 (.const:ti_sysbios_rom_ROM_xdc_runtime_System_SupportProxy_abort__E)

.const:ti_sysbios_rom_ROM_xdc_runtime_System_SupportProxy_exit__E 
*          0    000005c8    00000004     
                  000005c8    00000004     app_ble_uartlog_pem3.oem3 (.const:ti_sysbios_rom_ROM_xdc_runtime_System_SupportProxy_exit__E)

.const:ti_sysbios_gates_GateMutex_Instance_State_sem__O 
*          0    000005cc    00000004     
                  000005cc    00000004     app_ble_uartlog_pem3.oem3 (.const:ti_sysbios_gates_GateMutex_Instance_State_sem__O)

.const:ti_sysbios_knl_Clock_Module_State_clockQ__O 
*          0    000005d0    00000004     
                  000005d0    00000004     app_ble_uartlog_pem3.oem3 (.const:ti_sysbios_knl_Clock_Module_State_clockQ__O)

.const:ti_sysbios_knl_Mailbox_Instance_State_dataQue__O 
*          0    000005d4    00000004     
                  000005d4    00000004     app_ble_uartlog_pem3.oem3 (.const:ti_sysbios_knl_Mailbox_Instance_State_dataQue__O)

.const:ti_sysbios_knl_Mailbox_Instance_State_dataSem__O 
*          0    000005d8    00000004     
                  000005d8    00000004     app_ble_uartlog_pem3.oem3 (.const:ti_sysbios_knl_Mailbox_Instance_State_dataSem__O)

.const:ti_sysbios_knl_Mailbox_Instance_State_freeQue__O 
*          0    000005dc    00000004     
                  000005dc    00000004     app_ble_uartlog_pem3.oem3 (.const:ti_sysbios_knl_Mailbox_Instance_State_freeQue__O)

.const:ti_sysbios_knl_Mailbox_Instance_State_freeSem__O 
*          0    000005e0    00000004     
                  000005e0    00000004     app_ble_uartlog_pem3.oem3 (.const:ti_sysbios_knl_Mailbox_Instance_State_freeSem__O)

.const:ti_sysbios_knl_Semaphore_Instance_State_pendQ__O 
*          0    000005e4    00000004     
                  000005e4    00000004     app_ble_uartlog_pem3.oem3 (.const:ti_sysbios_knl_Semaphore_Instance_State_pendQ__O)

.const:ti_sysbios_knl_Task_Module_State_inactiveQ__O 
*          0    000005e8    00000004     
                  000005e8    00000004     app_ble_uartlog_pem3.oem3 (.const:ti_sysbios_knl_Task_Module_State_inactiveQ__O)

.text.4    0    000005ec    0000925c     
                  000005ec    00000a38     project_zero.obj (.text:ProjectZero_taskFxn$0)
                  00001024    000005a8     project_zero.obj (.text:ProjectZero_init$0)
                  000015cc    0000059c     peripheral.obj (.text:gapRole_taskFxn$17)
                  00001b68    00000450     driverlib.lib : setup.obj (.text:TrimAfterColdResetWakeupFromShutDown$30)
                  00001fb8    000003fc     data_service.obj (.text:Data_Service_WriteAttrCB$12)
                  000023b4    0000037c     rf_singleMode_cc26xxware.aem3 : RFCC26XX_singleMode.oem3 (.text:fsmActiveState)
                  00002730    00000344     data_service.obj (.text:DataService_SetParameter)
                  00002a74    00000334     button_service.obj (.text:ButtonService_SetParameter)
                  00002da8    000002c0     project_zero.obj (.text:user_processGapStateChangeEvt$0)
                  00003068    00000248     peripheral.obj (.text:GAPRole_SetParameter)
                  000032b0    00000240     button_service.obj (.text:Button_Service_ReadAttrCB$11)
                  000034f0    0000023c     data_service.obj (.text:Data_Service_ReadAttrCB$12)
                  0000372c    00000228     drivers_cc26xxware.aem3 : PowerCC26XX.oem3 (.text:Power_sleep)
                  00003954    00000218     driverlib.lib : sys_ctrl.obj (.text:NOROM_SysCtrlSetRechargeBeforePowerDown)
                  00003b6c    00000210     bus_stop.obj (.text:BusStop_HandleMessage)
                  00003d7c    000001d0     drivers_cc26xxware.aem3 : PowerCC26XX_calibrateRCOSC.oem3 (.text:calibrateRcoscHf1)
                  00003f4c    000001cc     rf_singleMode_cc26xxware.aem3 : RFCC26XX_singleMode.oem3 (.text:abortCmd)
                  00004118    000001c4     drivers_cc26xxware.aem3 : PINCC26XX.oem3 (.text:PIN_init)
                  000042dc    000001b8     button_service.obj (.text:Button_Service_WriteAttrCB$11)
                  00004494    000001b0     rf_singleMode_cc26xxware.aem3 : RFCC26XX_singleMode.oem3 (.text:RF_postCmd)
                  00004644    000001a0     project_zero.obj (.text:user_gapBondMgr_pairStateCB$0)
                  000047e4    00000184     drivers_cc26xxware.aem3 : PowerCC26XX_calibrateRCOSC.oem3 (.text:PowerCC26XX_doCalibrate)
                  00004968    00000180     project_zero.obj (.text:ProjectZero_freeAttRsp$0)
                  00004ae8    00000148     driverlib.lib : setup.obj (.text:NOROM_SetupTrimDevice)
                  00004c30    00000128     rf_singleMode_cc26xxware.aem3 : RFCC26XX_singleMode.oem3 (.text:rf_init)
                  00004d58    00000120     peripheral.obj (.text:GAPRole_GetParameter)
                  00004e78    0000011c     drivers_cc26xxware.aem3 : PowerCC26XX.oem3 (.text:Power_init)
                  00004f94    00000118     rf_singleMode_cc26xxware.aem3 : RFCC26XX_singleMode.oem3 (.text:fsmSetupState)
                  000050ac    00000118                                   : RFCC26XX_singleMode.oem3 (.text:hwiFxnCpe0Active)
                  000051c4    00000106     icall.obj (.text:ICall_primWaitMatch$5)
                  000052ca    00000002     driverlib.lib : rfc.obj (.text:NOROM_RFCAdi3VcoLdoVoltageMode)
                  000052cc    000000f4     project_zero.obj (.text:user_service_ValueChangeCB$0)
                  000053c0    000000f0     project_zero.obj (.text:user_service_CfgChangeCB$0)
                  000054b0    000000e0     bus_stop.obj (.text:do_login)
                  00005590    000000d8     rf_singleMode_cc26xxware.aem3 : RFCC26XX_singleMode.oem3 (.text:fsmPowerUpState)
                  00005668    000000d4     drivers_cc26xxware.aem3 : PowerCC26XX.oem3 (.text:Power_releaseDependency)
                  0000573c    000000d4     bus_stop.obj (.text:do_store)
                  00005810    000000d0     drivers_cc26xxware.aem3 : PowerCC26XX.oem3 (.text:Power_setDependency)
                  000058e0    000000d0     main.obj (.text:main)
                  000059b0    000000c4     rf_singleMode_cc26xxware.aem3 : RFCC26XX_singleMode.oem3 (.text:RF_open)
                  00005a74    000000bc     power_cc26xx_tirtos.aem3 : PowerCC26XX_tirtos.oem3 (.text:PowerCC26XX_standbyPolicy)
                  00005b30    000000b8     drivers_cc26xxware.aem3 : PINCC26XX.oem3 (.text:PINCC26XX_setIoCfg)
                  00005be8    000000b4     devinfoservice.obj (.text:devInfo_ReadAttrCB$13)
                  00005c9c    000000ac     gattservapp_util.obj (.text:GATTServApp_ProcessCharCfg)
                  00005d48    000000a8     led_service.obj (.text:LED_Service_WriteAttrCB$16)
                  00005df0    000000a8     rf_singleMode_cc26xxware.aem3 : RFCC26XX_singleMode.oem3 (.text:swiFxnHw)
                  00005e98    000000a0     TRNGCC26XX.obj (.text:TRNGCC26XX_getNumber)
                  00005f38    000000a0     auto_init.aem3 : auto_init.oem3 (.text)
                  00005fd8    0000009c     rtsv7M3_T_le_eabi.lib : memcpy_t2.asm.obj (.text)
                  00006074    00000098     rom_sysbios.aem3 : rom_sysbios.obj (.text:ti_sysbios_knl_Clock_workFuncDynamic__E)
                  0000610c    00000096     rtsv7M3_T_le_eabi.lib : ull_div_t2.asm.obj (.text)
                  000061a2    00000002     driverlib.lib : rfc.obj (.text:NOROM_RFCRTrim)
                  000061a4    00000094     icall.obj (.text:ICall_primSetTimer$5)
                  00006238    00000094     drivers_cc26xxware.aem3 : PINCC26XX.oem3 (.text:PIN_open)
                  000062cc    00000094     gattservapp_util.obj (.text:gattServApp_SendNotiInd$15)
                  00006360    00000090     drivers_cc26xxware.aem3 : PowerCC26XX.oem3 (.text:switchXOSCHFclockFunc)
                  000063f0    00000088     driverlib.lib : osc.obj (.text:NOROM_OSCHF_GetStartupTime)
                  00006478    00000084     icall.obj (.text:ICall_heapMalloc)
                  000064fc    00000080     rf_singleMode_cc26xxware.aem3 : RFCC26XX_singleMode.oem3 (.text:RF_pendCmd)
                  0000657c    00000080     bus_stop_gatt_profile.obj (.text:simpleProfile_WriteAttrCB$10)
                  000065fc    0000007c     drivers_cc26xxware.aem3 : PowerCC26XX.oem3 (.text:disableLFClockQualifiers)
                  00006678    0000007c     peripheral.obj (.text:gapRole_startConnUpdate$17)
                  000066f4    0000007c     uart_logs.obj (.text:uartLog_outputFxn)
                  00006770    0000007a     rtsv7M3_T_le_eabi.lib : memset_t2.asm.obj (.text)
                  000067ea    00000002                           : _lock.c.obj (.text:_nop)
                  000067ec    00000074     icall_cc2650.obj (.text:ICallPlatform_pwrUpdActivityCounter)
                  00006860    00000074     icall.obj (.text:ICall_primSend$5)
                  000068d4    00000074     drivers_cc26xxware.aem3 : PowerCC26XX_calibrateRCOSC.oem3 (.text:PowerCC26XX_auxISR)
                  00006948    00000074                             : PowerCC26XX_calibrateRCOSC.oem3 (.text:calibrateRcoscHf2)
                  000069bc    00000074     rf_singleMode_cc26xxware.aem3 : RFCC26XX_singleMode.oem3 (.text:fsmPowerDownState)
                  00006a30    00000074     rom_sysbios.aem3 : rom_sysbios.obj (.text:ti_sysbios_family_arm_cc26xx_Timer_start__E)
                  00006aa4    0000006c     icall.obj (.text:ICall_createRemoteTasks)
                  00006b10    0000006c     drivers_cc26xxware.aem3 : PowerCC26XX.oem3 (.text:PowerCC26XX_calibrate)
                  00006b7c    00000068     driverlib.lib : sys_ctrl.obj (.text:NOROM_SysCtrl_DCDC_VoltageConditionalControl)
                  00006be4    00000068     rf_singleMode_cc26xxware.aem3 : RFCC26XX_singleMode.oem3 (.text:RF_getCurrentTime)
                  00006c4c    00000068                                   : RFCC26XX_singleMode.oem3 (.text:RF_getInfo)
                  00006cb4    00000068     project_zero.obj (.text:Util_convertArrayToHexString$0)
                  00006d1c    00000068     rtsv7M3_T_le_eabi.lib : copy_decompress_lzss.c.obj (.text:decompress:lzss:__TI_decompress_lzss)
                  00006d84    00000066     gattservapp_util.obj (.text:GATTServApp_ProcessCCCWriteReq)
                  00006dea    00000002     rf_singleMode_cc26xxware.aem3 : RFCC26XX_singleMode.oem3 (.text:defaultErrCb)
                  00006dec    00000064                                   : RFCC26XX_singleMode.oem3 (.text:decActiveClientCnt)
                  00006e50    00000060     icall.obj (.text:ICall_primEnroll$5)
                  00006eb0    00000060     drivers_cc26xxware.aem3 : PowerCC26XX_calibrateRCOSC.oem3 (.text:PowerCC26XX_RCOSC_clockFunc)
                  00006f10    00000060                             : PowerCC26XX_calibrateRCOSC.oem3 (.text:updateSubSecInc)
                  00006f70    0000005c     icall.obj (.text:ICall_primThreadServes$5)
                  00006fcc    0000005c     driverlib.lib : osc.obj (.text:NOROM_OSCHF_AttemptToSwitchToXosc)
                  00007028    0000005c                   : sys_ctrl.obj (.text:NOROM_SysCtrlAdjustRechargeAfterPowerDown)
                  00007084    0000005c     app_ble_uartlog_pem3.oem3 (.text:xdc_runtime_Startup_getState__I)
                  000070e0    00000058     drivers_cc26xxware.aem3 : PowerCC26XX_calibrateRCOSC.oem3 (.text:PowerCC26XX_initiateCalibration)
                  00007138    00000058     rf_singleMode_cc26xxware.aem3 : RFCC26XX_singleMode.oem3 (.text:fsmXOSCState)
                  00007190    00000058     project_zero.obj (.text:user_enqueueCharDataMsg$0)
                  000071e8    00000054     icall.obj (.text:ICall_primFetchMsg$5)
                  0000723c    00000054     led_service.obj (.text:LED_Service_ReadAttrCB$16)
                  00007290    00000054     drivers_cc26xxware.aem3 : PowerCC26XX.oem3 (.text:configureXOSCHF)
                  000072e4    00000054     rf_singleMode_cc26xxware.aem3 : RFCC26XX_singleMode.oem3 (.text:dispatchOpWhen)
                  00007338    00000054                                   : RFCC26XX_singleMode.oem3 (.text:hwiFxnHw)
                  0000738c    00000054                                   : RFCC26XX_singleMode.oem3 (.text:ratChanFree)
                  000073e0    00000052     icall.obj (.text:ICall_primWait$5)
                  00007432    00000002     drivers_cc26xxware.aem3 : PowerCC26XX.oem3 (.text:emptyClockFunc)
                  00007434    00000050     button_service.obj (.text:Button_Service_findCharParamId$11)
                  00007484    00000050     data_service.obj (.text:Data_Service_findCharParamId$12)
                  000074d4    00000050     icall_api.obj (.text:GAP_UpdateAdvertisingData)
                  00007524    00000050     icall.obj (.text:ICall_primRegisterApp$5)
                  00007574    00000050     led_service.obj (.text:LED_Service_findCharParamId$16)
                  000075c4    00000050     util.obj (.text:Util_convertBdAddr2Str)
                  00007614    00000050     rf_singleMode_cc26xxware.aem3 : RFCC26XX_singleMode.oem3 (.text:syncCb)
                  00007664    0000004c     icall.obj (.text:ICall_newTask$5)
                  000076b0    0000004c     icall.obj (.text:ICall_primGetEntityId$5)
                  000076fc    0000004c     driverlib.lib : osc.obj (.text:NOROM_OSCClockSourceSet)
                  00007748    0000004c     rf_singleMode_cc26xxware.aem3 : RFCC26XX_singleMode.oem3 (.text:applyRfCorePatch)
                  00007794    0000004c     rtsv7M3_T_le_eabi.lib : cpy_tbl.c.obj (.text:copy_in)
                  000077e0    0000004c     icall_api.obj (.text:gattIndNoti$8)
                  0000782c    00000048     peripheral.obj (.text:GAPRole_TerminateConnection)
                  00007874    00000048     driverlib.lib : chipinfo.obj (.text:NOROM_ChipInfo_GetChipFamily)
                  000078bc    00000048                   : ddi.obj (.text:NOROM_DDI16BitfieldWrite)
                  00007904    00000048     drivers_cc26xxware.aem3 : PINCC26XX.oem3 (.text:PIN_swi)
                  0000794c    00000048     rf_singleMode_cc26xxware.aem3 : RFCC26XX_singleMode.oem3 (.text:RF_getRssi)
                  00007994    00000048                                   : RFCC26XX_singleMode.oem3 (.text:RF_runCmd)
                  000079dc    00000048     drivers_cc26xxware.aem3 : PowerCC26XX.oem3 (.text:notify)
                  00007a24    00000048     bus_stop_gatt_profile.obj (.text:simpleProfile_ReadAttrCB$10)
                  00007a6c    00000044     main.obj (.text:AssertHandler)
                  00007ab0    00000044     boot.aem3 : boot.oem3 (.text)
                  00007af4    00000044     icall_api.obj (.text:gapSendParamAndPtrCmd$8)
                  00007b38    00000044     project_zero.obj (.text:user_enqueueRawAppMsg$0)
                  00007b7c    00000044     rom_sysbios.aem3 : rom_sysbios.obj (.text:xdc_runtime_LoggerCallback_write8__E)
                  00007bc0    00000042     icall.obj (.text:ICall_primCreateTask$5)
                  00007c02    00000002     rtsv7M3_T_le_eabi.lib : div0.asm.obj (.text)
                  00007c04    00000040     peripheral.obj (.text:GAPRole_createTask)
                  00007c44    00000040     driverlib.lib : ddi.obj (.text:NOROM_DDI16BitfieldRead)
                  00007c84    00000040     rom_sysbios.aem3 : rom_sysbios.obj (.text:xdc_runtime_LoggerCallback_Module_startup__E)
                  00007cc4    0000003e     icall_api.obj (.text:hciSendParamsCmd$8)
                  00007d02    00000002     rom_sysbios.aem3 : rom_sysbios.obj (.text:ti_sysbios_BIOS_linkedWithIncorrectBootLibrary__E)
                  00007d04    0000003c     icall_api.obj (.text:GAP_GetParamValue)
                  00007d40    0000003c     icall_api.obj (.text:GATTServApp_RegisterService)
                  00007d7c    0000003c     icall_cc2650.obj (.text:ICallPlatform_pwrConfigACAction)
                  00007db8    0000003c     icall.obj (.text:ICall_primFetchServiceMsg$5)
                  00007df4    0000003c     driverlib.lib : osc.obj (.text:NOROM_OSC_HPOSCRelativeFrequencyOffsetGet)
                  00007e30    0000003c                   : rfc.obj (.text:NOROM_RFCSynthPowerDown)
                  00007e6c    0000003c     drivers_cc26xxware.aem3 : PINCC26XX.oem3 (.text:PIN_setOutputValue)
                  00007ea8    0000003c     project_zero.obj (.text:ProjectZero_createTask)
                  00007ee4    0000003c     rf_singleMode_cc26xxware.aem3 : RFCC26XX_singleMode.oem3 (.text:postDirImmCmd)
                  00007f20    0000003c     icall_api.obj (.text:profileSetParameter$8)
                  00007f5c    0000003c     icall_api.obj (.text:sendWaitMatchCS$8)
                  00007f98    0000003c     icall_api.obj (.text:sendWaitMatchValueCS$8)
                  00007fd4    00000038     icall.obj (.text:ICall_primGetMaxMSecs$5)
                  0000800c    00000038     util.obj (.text:Util_restartClock)
                  00008044    00000038     icall_api.obj (.text:osal_snv_read)
                  0000807c    00000038     rom_sysbios.aem3 : rom_sysbios.obj (.text:ti_sysbios_family_arm_cc26xx_Timer_getCurrentTick__E)
                  000080b4    00000036     rf_singleMode_cc26xxware.aem3 : RFCC26XX_singleMode.oem3 (.text:updateImplicitState)
                  000080ea    00000036     icall_api.obj (.text:waitMatchCS$8)
                  00008120    00000034     icall_api.obj (.text:GAPBondMgr_SetParameter)
                  00008154    00000034     icall_api.obj (.text:GAP_SetParamValue)
                  00008188    00000034     icall.obj (.text:ICall_primEntityId2ServiceId$5)
                  000081bc    00000034     icall.obj (.text:ICall_primRegisterISR$5)
                  000081f0    00000034     icall.obj (.text:ICall_primRegisterISR_Ext$5)
                  00008224    00000034     icall.obj (.text:ICall_searchServiceEntity)
                  00008258    00000034     driverlib.lib : ddi.obj (.text:NOROM_DDI32RegWrite)
                  0000828c    00000034                   : osc.obj (.text:NOROM_OSCHF_SwitchToRcOscTurnOffXosc)
                  000082c0    00000034     drivers_cc26xxware.aem3 : PINCC26XX.oem3 (.text:PIN_setConfig)
                  000082f4    00000034                             : PowerCC26XX.oem3 (.text:PowerCC26XX_isStableXOSC_HF)
                  00008328    00000034     rf_singleMode_cc26xxware.aem3 : RFCC26XX_singleMode.oem3 (.text:Q_push)
                  0000835c    00000034     util.obj (.text:Util_constructClock)
                  00008390    00000034     icall_api.obj (.text:osal_snv_write)
                  000083c4    00000034     icall_api.obj (.text:profileAddService$8)
                  000083f8    00000034     icall_api.obj (.text:registerTask$8)
                  0000842c    00000034     rom_sysbios.aem3 : rom_sysbios.obj (.text:ti_sysbios_family_arm_cc26xx_Timer_initDevice__I)
                  00008460    00000034                      : rom_sysbios.obj (.text:xdc_runtime_LoggerCallback_write4__E)
                  00008494    00000032     icall_api.obj (.text:gapSendParamsCmd$8)
                  000084c6    00000032     icall_api.obj (.text:gapSendPtrParamsCmd$8)
                  000084f8    00000032     icall_api.obj (.text:matchGapSetGetParamCS$8)
                  0000852a    00000032     icall_api.obj (.text:matchGattCmdStatus$8)
                  0000855c    00000032     icall_api.obj (.text:matchUtilNvCS$8)
                  0000858e    00000032     rom_sysbios.aem3 : rom_sysbios.obj (.text:ti_sysbios_family_arm_cc26xx_Timer_setNextTick__E)
                  000085c0    00000030     icall_cc2650.obj (.text:ICallPlatform_pwrNotify$6)
                  000085f0    00000030     icall_cc2650.obj (.text:ICallPlatform_pwrRegisterNotify)
                  00008620    00000030     icall.obj (.text:ICall_dispatch$5)
                  00008650    00000030     icall.obj (.text:ICall_msecs2Ticks$5)
                  00008680    00000030     icall.obj (.text:ICall_searchTask$5)
                  000086b0    00000030     led_service.obj (.text:LedService_SetParameter)
                  000086e0    00000030     driverlib.lib : setup.obj (.text:NOROM_SetupSetAonRtcSubSecInc)
                  00008710    00000030                   : trng.obj (.text:NOROM_TRNGConfigure)
                  00008740    00000030     drivers_cc26xxware.aem3 : PowerCC26XX.oem3 (.text:Power_releaseConstraint)
                  00008770    00000030                             : PowerCC26XX.oem3 (.text:Power_setConstraint)
                  000087a0    00000030     rf_singleMode_cc26xxware.aem3 : RFCC26XX_singleMode.oem3 (.text:clkPowerUpFxn)
                  000087d0    00000030     app_ble_uartlog_pem3.oem3 (.text:ti_sysbios_BIOS_atExitFunc__I)
                  00008800    00000030     app_ble_uartlog_pem3.oem3 (.text:ti_sysbios_BIOS_startFunc__I)
                  00008830    00000030     rom_sysbios.aem3 : rom_sysbios.obj (.text:ti_sysbios_family_arm_cc26xx_Timer_setThreshold__I)
                  00008860    00000030     app_ble_uartlog_pem3.oem3 (.text:xdc_runtime_LoggerCallback_Object__create__S)
                  00008890    0000002e     icall_cc2650.obj (.text:ICallPlatform_pwrDispenseImpl$6)
                  000088be    0000002e     icall_cc2650.obj (.text:ICallPlatform_pwrRequireImpl$6)
                  000088ec    0000002c     icall_api.obj (.text:HCI_EXT_ConnEventNoticeCmd)
                  00008918    0000002c     icall.obj (.text:ICall_heapFree)
                  00008944    0000002c     icall.obj (.text:ICall_msgEnqueue$5)
                  00008970    0000002c     icall.obj (.text:ICall_primAllocMsg$5)
                  0000899c    0000002c     icall_api.obj (.text:ICall_sendServiceMsg$8)
                  000089c8    0000002c     rf_singleMode_cc26xxware.aem3 : RFCC26XX_singleMode.oem3 (.text:getCmd)
                  000089f4    0000002c     icall_api.obj (.text:matchProfileAddServiceCS$8)
                  00008a20    0000002c     rom_sysbios.aem3 : rom_sysbios.obj (.text:ti_sysbios_knl_Clock_getTicksUntilInterrupt__E)
                  00008a4c    0000002c                      : rom_sysbios.obj (.text:xdc_runtime_LoggerCallback_write2__E)
                  00008a78    0000002a     icall_api.obj (.text:ICall_waitMatch$8)
                  00008aa2    0000002a     icall_api.obj (.text:matchProfileCS$8)
                  00008acc    00000028     driverlib.lib : aon_batmon.obj (.text:NOROM_AONBatMonTemperatureGetDegC)
                  00008af4    00000028                   : rfc.obj (.text:NOROM_RFCDoorbellSendTo)
                  00008b1c    00000028     drivers_cc26xxware.aem3 : PowerCC26XX.oem3 (.text:PowerCC26XX_switchXOSC_HF)
                  00008b44    00000028                             : PowerCC26XX.oem3 (.text:Power_registerNotify)
                  00008b6c    00000028     driverlib.lib : adi.obj (.text:SafeHapiVoid)
                  00008b94    00000028     TRNGCC26XX.obj (.text:TRNGCC26XX_init)
                  00008bbc    00000028     rom_sysbios.aem3 : rom_sysbios.obj (.text:xdc_runtime_LoggerCallback_write0__E)
                  00008be4    00000028                      : rom_sysbios.obj (.text:xdc_runtime_LoggerCallback_write1__E)
                  00008c0c    00000026     drivers_cc26xxware.aem3 : List.oem3 (.text:List_put)
                  00008c32    00000024     icall_api.obj (.text:ICall_getLocalMsgEntityId$8)
                  00008c56    00000002     app_ble_uartlog_pem3.oem3 (.text:ti_sysbios_BIOS_nullFunc__I)
                  00008c58    00000024     drivers_cc26xxware.aem3 : PINCC26XX.oem3 (.text:PINCC26XX_getPinCount)
                  00008c7c    00000024                             : PowerCC26XX_calibrateRCOSC.oem3 (.text:getTdcSemaphore)
                  00008ca0    00000024     rf_singleMode_cc26xxware.aem3 : RFCC26XX_singleMode.oem3 (.text:hwiFxnCpe0PowerFsm)
                  00008cc4    00000024     rtsv7M3_T_le_eabi.lib : memcmp.c.obj (.text:memcmp)
                  00008ce8    00000024     app_ble_uartlog_pem3.oem3 (.text:ti_sysbios_BIOS_registerRTSLock__I)
                  00008d0c    00000024     app_ble_uartlog_pem3.oem3 (.text:ti_sysbios_BIOS_removeRTSLock__I)
                  00008d30    00000024     rom_sysbios.aem3 : rom_sysbios.obj (.text:ti_sysbios_family_arm_cc26xx_Timer_getMaxTicks__E)
                  00008d54    00000022     bus_stop.obj (.text:getUint)
                  00008d76    00000002     rom_sysbios.aem3 : rom_sysbios.obj (.text:ti_sysbios_knl_Clock_triggerFunc__I)
                  00008d78    00000020     gattservapp_util.obj (.text:GATTServApp_InitCharCfg)
                  00008d98    00000020     icall_api.obj (.text:ICall_allocMsg$8)
                  00008db8    00000020     icall_api.obj (.text:ICall_getEntityId$8)
                  00008dd8    00000020     project_zero.obj (.text:ICall_malloc$0)
                  00008df8    00000020     icall.obj (.text:ICall_primService$5)
                  00008e18    00000020     driverlib.lib : rfc.obj (.text:NOROM_RFCRfTrimRead)
                  00008e38    00000020     rf_singleMode_cc26xxware.aem3 : RFCC26XX_singleMode.oem3 (.text:allocCmd)
                  00008e58    00000020     gattservapp_util.obj (.text:gattServApp_FindCharCfgItem$15)
                  00008e78    00000020     app_ble_uartlog_pem3.oem3 (.text:ti_sysbios_BIOS_rtsLock__I)
                  00008e98    00000020     rom_sysbios.aem3 : rom_sysbios.obj (.text:ti_sysbios_family_arm_cc26xx_Timer_dynamicStub__E)
                  00008eb8    00000020                      : rom_sysbios.obj (.text:ti_sysbios_knl_Clock_stop__E)
                  00008ed8    0000001e     icall.obj (.text:ICall_primSendServiceMsg$5)
                  00008ef6    0000001e     drivers_cc26xxware.aem3 : PowerCC26XX.oem3 (.text:Power_getTransitionLatency)
                  00008f14    0000001e     icall_api.obj (.text:matchHciCS$8)
                  00008f32    0000001e     project_zero.obj (.text:user_gapBondMgr_passcodeCB$0)
                  00008f50    0000001c     driverlib.lib : osc.obj (.text:NOROM_OSCClockSourceGet)
                  00008f6c    0000001c     drivers_cc26xxware.aem3 : PINCC26XX.oem3 (.text:PINCC26XX_setIoCfgMux)
                  00008f88    0000001c                             : PINCC26XX.oem3 (.text:PIN_hwi)
                  00008fa4    0000001c     TRNGCC26XX.obj (.text:TRNGCC26XX_open)
                  00008fc0    0000001c     icall_api.obj (.text:getStatusValueFromErrNo$8)
                  00008fdc    0000001c     TRNGCC26XX.obj (.text:openTRNG)
                  00008ff8    0000001c     rom_sysbios.aem3 : rom_sysbios.obj (.text:xdc_runtime_LoggerCallback_Instance_init__E)
                  00009014    0000001a     icall.obj (.text:ICall_enterCSImpl)
                  0000902e    0000001a     icall.obj (.text:ICall_primSetTimerMSecs$5)
                  00009048    0000001a     icall_api.obj (.text:matchGattIndNotiCS$8)
                  00009062    00000002     app_ble_uartlog_pem3.oem3 (.text:ti_sysbios_rom_cortexm_cc26xx_CC26xx_badRomRevision__E)
                  00009064    00000018     icall_api.obj (.text:GATT_bm_free)
                  0000907c    00000018     icall_cc2650.obj (.text:ICallPlatform_pwrDispense)
                  00009094    00000018     icall_cc2650.obj (.text:ICallPlatform_pwrRequire)
                  000090ac    00000018     project_zero.obj (.text:ICall_freeMsg$0)
                  000090c4    00000018     icall_api.obj (.text:ICall_freeMsg$8)
                  000090dc    00000018     icall.obj (.text:ICall_primMalloc$5)
                  000090f4    00000018     driverlib.lib : aon_rtc.obj (.text:NOROM_AONRTCCurrentCompareValueGet)
                  0000910c    00000018                   : chipinfo.obj (.text:NOROM_ChipInfo_GetPackageType)
                  00009124    00000018                   : osc.obj (.text:NOROM_OSCHF_TurnOnXosc)
                  0000913c    00000018                   : rfc.obj (.text:NOROM_RFCCpeIntGetAndClear)
                  00009154    00000018     drivers_cc26xxware.aem3 : PowerCC26XX.oem3 (.text:Power_idleFunc)
                  0000916c    00000018     rf_singleMode_cc26xxware.aem3 : RFCC26XX_singleMode.oem3 (.text:Q_pop)
                  00009184    00000018                                   : RFCC26XX_singleMode.oem3 (.text:RF_runDirectCmd)
                  0000919c    00000018                                   : RFCC26XX_singleMode.oem3 (.text:RF_runImmediateCmd)
                  000091b4    00000018     rtsv7M3_T_le_eabi.lib : args_main.c.obj (.text:_args_main)
                  000091cc    00000018     drivers_cc26xxware.aem3 : PowerCC26XX.oem3 (.text:configureRFCoreClocks)
                  000091e4    00000018     peripheral.obj (.text:gapRole_setEvent$17)
                  000091fc    00000018     rtsv7M3_T_le_eabi.lib : ll_mul_t2.asm.obj (.text)
                  00009214    00000018                           : strcmp.c.obj (.text:strcmp)
                  0000922c    00000018     rf_singleMode_cc26xxware.aem3 : RFCC26XX_singleMode.oem3 (.text:swiFxnFsm)
                  00009244    00000018     app_ble_uartlog_pem3.oem3 (.text:ti_sysbios_BIOS_rtsUnlock__I)
                  0000925c    00000018     rom_sysbios.aem3 : rom_sysbios.obj (.text:ti_sysbios_knl_Swi_or__E)
                  00009274    00000018     app_ble_uartlog_pem3.oem3 (.text:ti_sysbios_rom_cortexm_cc26xx_CC26xx_checkRevision__E)
                  0000928c    00000016     icall.obj (.text:ICall_leaveCSImpl)
                  000092a2    00000016     icall.obj (.text:ICall_primStopTimer$5)
                  000092b8    00000016     ble_user_config.obj (.text:driverTable_fnSpinlock)
                  000092ce    00000016     app_ble_uartlog_pem3.oem3 (.text:ti_sysbios_BIOS_exitFunc__I)
                  000092e4    00000014     driverlib.lib : aon_rtc.obj (.text:NOROM_AONRTCCurrent64BitValueGet)
                  000092f8    00000014     rf_singleMode_cc26xxware.aem3 : RFCC26XX_singleMode.oem3 (.text:RF_Params_init)
                  0000930c    00000014     icall_api.obj (.text:setICallCmdEvtHdr$8)
                  00009320    00000014     rtsv7M3_T_le_eabi.lib : strlen.c.obj (.text:strlen)
                  00009334    00000014     app_ble_uartlog_pem3.oem3 (.text:ti_sysbios_knl_Clock_doTick__I)
                  00009348    00000012     rf_singleMode_cc26xxware.aem3 : RFCC26XX_singleMode.oem3 (.text:RF_getCmdOp)
                  0000935a    00000012     app_ble_uartlog_pem3.oem3 (.text:xdc_runtime_Startup_exec__I)
                  0000936c    00000010     rf_singleMode_cc26xxware.aem3 : RFCC26XX_singleMode.oem3 (.text:FsmDispatch)
                  0000937c    00000010     icall_api.obj (.text:GAP_EndDiscoverable)
                  0000938c    00000010     icall_cc2650.obj (.text:ICallPlatform_pwrGetXOSCStartupTime)
                  0000939c    00000010     icall.obj (.text:ICall_primGetTickPeriod$5)
                  000093ac    00000010     icall.obj (.text:ICall_taskEntry$5)
                  000093bc    00000010     driverlib.lib : rfc.obj (.text:NOROM_RFCRfTrimSet)
                  000093cc    00000010     util.obj (.text:Util_isActive)
                  000093dc    00000010     rom_sysbios.aem3 : rom_sysbios.obj (.text:ti_sysbios_family_arm_m3_Hwi_post__E)
                  000093ec    00000010     app_ble_uartlog_pem3.oem3 (.text:xdc_runtime_LoggerCallback_Object__get__S)
                  000093fc    0000000e     icall_cc2650.obj (.text:ICallPlatform_pwrGetTransitionState)
                  0000940a    0000000e     icall_cc2650.obj (.text:ICallPlatform_pwrIsStableXOSCHF)
                  00009418    0000000e     icall.obj (.text:ICall_primDisableMInt$5)
                  00009426    0000000e     icall.obj (.text:ICall_primEnableMInt$5)
                  00009434    0000000e     icall.obj (.text:ICall_primFreeMsg$5)
                  00009442    0000000e     icall.obj (.text:ICall_primGetTicks$5)
                  00009450    0000000e     driverlib.lib : setup.obj (.text:NOROM_SetupSignExtendVddrTrimValue)
                  0000945e    0000000e                   : vims.obj (.text:NOROM_VIMSModeGet)
                  0000946c    0000000e     rtsv7M3_T_le_eabi.lib : copy_decompress_none.c.obj (.text:decompress:none:__TI_decompress_none)
                  0000947a    0000000e     icall_api.obj (.text:matchGSARegisterServiceCS$8)
                  00009488    0000000e     icall_api.obj (.text:matchGapLinkEstCS$8)
                  00009496    0000000e     icall_api.obj (.text:matchGapPasscodeCS$8)
                  000094a4    0000000e     icall_api.obj (.text:matchGattSendRspCS$8)
                  000094b2    0000000e     icall_api.obj (.text:matchLinkDBNumConnsCS$8)
                  000094c0    0000000e     icall_api.obj (.text:setDispatchCmdEvtHdr$8)
                  000094ce    0000000e     rom_sysbios.aem3 : rom_sysbios.obj (.text:ti_sysbios_family_arm_cc26xx_TimestampProvider_get32__E)
                  000094dc    0000000c     icall.obj (.text:ICall_clockFunc$5)
                  000094e8    0000000c     icall.obj (.text:ICall_primDisableInt$5)
                  000094f4    0000000c     icall.obj (.text:ICall_primEnableInt$5)
                  00009500    0000000c     icall.obj (.text:ICall_primFree$5)
                  0000950c    0000000c     icall.obj (.text:ICall_primSignal$5)
                  00009518    0000000c     driverlib.lib : cpu.obj (.text:NOROM_CPUcpsid)
                  00009524    0000000c                   : cpu.obj (.text:NOROM_CPUcpsie)
                  00009530    0000000c     drivers_cc26xxware.aem3 : PowerCC26XX.oem3 (.text:Power_getConstraintMask)
                  0000953c    0000000c                             : PowerCC26XX.oem3 (.text:Power_getDependencyCount)
                  00009548    0000000c                             : PowerCC26XX.oem3 (.text:Power_getTransitionState)
                  00009554    0000000c     rtsv7M3_T_le_eabi.lib : _lock.c.obj (.text:_register_lock)
                  00009560    0000000c                           : _lock.c.obj (.text:_register_unlock)
                  0000956c    0000000c                           : copy_zero_init.c.obj (.text:decompress:ZI:__TI_zero_init)
                  00009578    0000000c     icall_api.obj (.text:matchProfileSetParamCS$8)
                  00009584    0000000c     rom_sysbios.aem3 : rom_sysbios.obj (.text:ti_sysbios_BIOS_getThreadType__E)
                  00009590    0000000c                      : rom_sysbios_config.obj (.text:ti_sysbios_hal_Hwi_Params__init__S)
                  0000959c    0000000c                      : rom_sysbios.obj (.text:ti_sysbios_knl_Swi_getTrigger__E)
                  000095a8    0000000c     app_ble_uartlog_pem3.oem3 (.text:xdc_runtime_Startup_reset__I)
                  000095b4    0000000c     rom_sysbios.aem3 : rom_sysbios.obj (.text:xdc_runtime_Startup_rtsDone__E)
                  000095c0    0000000a     icall_cc2650.obj (.text:ICallPlatform_pwrSwitchXOSCHF)
                  000095ca    0000000a     icall.obj (.text:ICall_primE2S$5)
                  000095d4    0000000a     drivers_cc26xxware.aem3 : List.oem3 (.text:List_empty)
                  000095de    0000000a     rom_sysbios.aem3 : rom_sysbios.obj (.text:xdc_runtime_LoggerCallback_disable__E)
                  000095e8    0000000a                      : rom_sysbios.obj (.text:xdc_runtime_LoggerCallback_enable__E)
                  000095f2    00000008     rf_singleMode_cc26xxware.aem3 : RFCC26XX_singleMode.oem3 (.text:RF_flushCmd)
                  000095fa    00000008     icall_api.obj (.text:matchHciExtConnEventNoticeCS$8)
                  00009602    00000006     rf_singleMode_cc26xxware.aem3 : RFCC26XX_singleMode.oem3 (.text:clkInactivityFxn)
                  00009608    00000006     icall_api.obj (.text:matchBondMgrSetParamCS$8)
                  0000960e    00000006     icall_api.obj (.text:matchGGSSetParamCS$8)
                  00009614    00000006     icall_api.obj (.text:matchGapConnParamUpdateReplyCS$8)
                  0000961a    00000006     icall_api.obj (.text:matchGapDeviceInitCS$8)
                  00009620    00000006     icall_api.obj (.text:matchGapEndDiscoverableCS$8)
                  00009626    00000006     icall_api.obj (.text:matchGapGetParamCS$8)
                  0000962c    00000006     icall_api.obj (.text:matchGapMakeDiscoverableCS$8)
                  00009632    00000006     icall_api.obj (.text:matchGapSetParamCS$8)
                  00009638    00000006     icall_api.obj (.text:matchGapTerminateAuthCS$8)
                  0000963e    00000006     icall_api.obj (.text:matchGapTerminateLinkReqCS$8)
                  00009644    00000006     icall_api.obj (.text:matchGapUpdateAdvDataCS$8)
                  0000964a    00000006     icall_api.obj (.text:matchGapUpdateLinkParamReqCS$8)
                  00009650    00000006     icall_api.obj (.text:matchUtilNvReadCS$8)
                  00009656    00000006     icall_api.obj (.text:matchUtilNvWriteCS$8)
                  0000965c    00000006     rom_sysbios.aem3 : rom_sysbios.obj (.text:ti_sysbios_family_arm_m3_Hwi_setFunc__E)
                  00009662    00000004     tirtosport.aem3 : HwiP_tirtos.oem3 (.text:HwiP_disable)
                  00009666    00000004     drivers_cc26xxware.aem3 : List.oem3 (.text:List_head)
                  0000966a    00000004                             : List.oem3 (.text:List_next)
                  0000966e    00000004     rf_singleMode_cc26xxware.aem3 : RFCC26XX_singleMode.oem3 (.text:Q_peek)
                  00009672    00000004     util.obj (.text:Util_stopClock)
                  00009676    00000004     rtsv7M3_T_le_eabi.lib : exit.c.obj (.text:abort:abort)
                  0000967a    00000004     drivers_cc26xxware.aem3 : PowerCC26XX.oem3 (.text:nopResourceHandler)
                  0000967e    00000004     rom_sysbios.aem3 : rom_sysbios.obj (.text:ti_sysbios_family_arm_cc26xx_Timer_getCount64__E)
                  00009682    00000004                      : rom_sysbios.obj (.text:ti_sysbios_knl_Clock_isActive__E)
                  00009686    00000004                      : rom_sysbios.obj (.text:xdc_runtime_LoggerCallback_defaultCreate)
                  0000968a    00000002     uart_logs.obj (.text:uartLog_flush)
                  0000968c    00000002     rom_sysbios.aem3 : rom_sysbios.obj (.text:xdc_runtime_SysCallback_defaultAbort)
                  0000968e    00000002                      : rom_sysbios.obj (.text:xdc_runtime_SysCallback_defaultExit)
                  00009690    00000008     (.tramp.xdc_runtime_Core_assignParams__I.1)
                  00009698    00000008     (.tramp.ti_sysbios_hal_Hwi_enableInterrupt__E.1)
                  000096a0    00000008     (.tramp.ti_sysbios_hal_Hwi_disableInterrupt__E.1)
                  000096a8    00000008     (.tramp.ti_sysbios_knl_Task_enable__E.1)
                  000096b0    00000008     (.tramp.ti_sysbios_family_arm_m3_Hwi_enableFxn__E.1)
                  000096b8    00000008     (.tramp.xdc_runtime_Startup_startMods__I.1)
                  000096c0    00000008     (.tramp.ti_sysbios_knl_Clock_logTick__E.1)
                  000096c8    00000008     (.tramp.ti_sysbios_knl_Swi_post__E.1)
                  000096d0    00000008     (.tramp.ti_sysbios_BIOS_RtsGateProxy_leave__E.1)
                  000096d8    00000008     (.tramp.ti_sysbios_BIOS_RtsGateProxy_enter__E.1)
                  000096e0    00000008     (.tramp.xdc_runtime_Core_createObject__I.1)
                  000096e8    00000008     (.tramp.ti_sysbios_knl_Task_startup__E.1)
                  000096f0    00000008     (.tramp.ti_sysbios_knl_Swi_startup__E.1)
                  000096f8    00000008     (.tramp.ti_sysbios_hal_Hwi_startup__E.1)
                  00009700    00000008     (.tramp.ti_sysbios_family_arm_cc26xx_Timer_startup__E.1)
                  00009708    00000008     (.tramp.xdc_runtime_System_atexit__E.1)
                  00009710    00000008     (.tramp.ti_sysbios_BIOS_setThreadType__E.1)
                  00009718    00000008     (.tramp.ti_sysbios_hal_Hwi_create.1)
                  00009720    00000008     (.tramp.ti_sysbios_knl_Task_construct.1)
                  00009728    00000008     (.tramp.xdc_runtime_System_exit__E.1)
                  00009730    00000008     (.tramp.ti_sysbios_knl_Semaphore_create.1)
                  00009738    00000008     (.tramp.ti_sysbios_knl_Queue_enqueue__E.1)
                  00009740    00000008     (.tramp.ti_sysbios_knl_Task_create.1)
                  00009748    00000008     (.tramp.ti_sysbios_knl_Task_Params__init__S.1)
[...]
1001c281  ti_sysbios_hal_Hwi_HwiProxy_disableInterrupt__E                           
1001c281  ti_sysbios_hal_Hwi_disableInterrupt__E                                    
1001c281  ti_sysbios_hal_Hwi_disableInterrupt__E                                    
1001c285  ti_sysbios_hal_Hwi_HwiProxy_enableInterrupt__E                            
1001c285  ti_sysbios_hal_Hwi_enableInterrupt__E                                     
1001c285  ti_sysbios_hal_Hwi_enableInterrupt__E                                     
1001c289  ti_sysbios_hal_Hwi_HwiProxy_getStackInfo__E                               
1001c289  ti_sysbios_hal_Hwi_getStackInfo__E                                        
1001c289  ti_sysbios_hal_Hwi_getStackInfo__E                                        
1001c28d  ti_sysbios_hal_Hwi_HwiProxy_startup__E                                    
1001c28d  ti_sysbios_hal_Hwi_startup__E                                             
1001c28d  ti_sysbios_hal_Hwi_startup__E                                             
1001c291  ti_sysbios_hal_Hwi_HwiProxy_switchFromBootStack__E                        
1001c295  ti_sysbios_hal_Hwi_delete                                                 
1001c299  ti_sysbios_hal_Hwi_switchFromBootStack__E                                 
1001c299  ti_sysbios_hal_Hwi_switchFromBootStack__E                                 
1001c29d  ti_sysbios_heaps_HeapMem_Module_GateProxy_enter__E                        
1001c2a1  ti_sysbios_heaps_HeapMem_Module_GateProxy_leave__E                        
1001c2a5  ti_sysbios_heaps_HeapMem_isBlocking__E                                    
1001c2a9  ti_sysbios_knl_Clock_TimerProxy_Module__startupDone__S                    
1001c2ad  ti_sysbios_knl_Clock_TimerProxy_getExpiredTicks__E                        
1001c2b1  ti_sysbios_knl_Clock_TimerProxy_getPeriod__E                              
1001c2b5  ti_sysbios_knl_Clock_delete                                               
1001c2b9  ti_sysbios_knl_Clock_destruct                                             
1001c2bd  ti_sysbios_knl_Clock_removeI__E                                           
1001c2c1  ti_sysbios_knl_Clock_setTimeout__E                                        
1001c2c5  ti_sysbios_knl_Mailbox_delete                                             
1001c2c9  ti_sysbios_knl_Mailbox_destruct                                           
1001c2cd  ti_sysbios_knl_Queue_delete                                               
1001c2d1  ti_sysbios_knl_Queue_destruct                                             
1001c2d5  ti_sysbios_knl_Queue_head__E                                              
1001c2d9  ti_sysbios_knl_Queue_next__E                                              
1001c2dd  ti_sysbios_knl_Semaphore_delete                                           
1001c2e1  ti_sysbios_knl_Semaphore_destruct                                         
1001c2e5  ti_sysbios_knl_Swi_delete                                                 
1001c2e9  ti_sysbios_knl_Swi_destruct                                               
1001c2ed  ti_sysbios_knl_Swi_postInit__I                                            
1001c2f1  ti_sysbios_knl_Task_SupportProxy_Module__startupDone__S                   
1001c2f5  ti_sysbios_knl_Task_SupportProxy_getStackAlignment__E                     
1001c2f9  ti_sysbios_knl_Task_SupportProxy_start__E                                 
1001c2fd  ti_sysbios_knl_Task_SupportProxy_swap__E                                  
1001c301  ti_sysbios_knl_Task_delete                                                
1001c305  ti_sysbios_knl_Task_destruct                                              
1001c309  ti_sysbios_knl_Task_startup__E                                            
1001c30d  xdc_runtime_Startup_startMods__I                                          
1001c405  xdc_runtime_Core_createObject__I                                          
1001c487  xdc_runtime_Error_policySpin__E                                           
1001c489  xdc_runtime_Memory_alloc__E                                               
1001c4f9  xdc_runtime_Core_deleteObject__I                                          
1001c559  xdc_runtime_Startup_exec__E                                               
1001c5a9  xdc_runtime_Assert_raise__I                                               
1001c5f1  xdc_runtime_Core_assignParams__I                                          
1001c639  xdc_runtime_Core_constructObject__I                                       
1001c681  xdc_runtime_System_atexit__E                                              
1001c6b9  xdc_runtime_System_processAtExit__E                                       
1001c6ed  xdc_runtime_Core_assignLabel__I                                           
1001c71d  xdc_runtime_Text_cordText__E                                              
1001c749  xdc_runtime_System_abort__E                                               
1001c769  xdc_runtime_Error_raiseX__E                                               
1001c785  xdc_runtime_Memory_valloc__E                                              
1001c7a1  xdc_runtime_Core_destructObject__I                                        
1001c7b9  xdc_runtime_Error_check__E                                                
1001c7d1  xdc_runtime_System_exit__E                                                
1001c7e9  xdc_runtime_Text_ropeText__E                                              
1001c801  xdc_runtime_Memory_free__E                                                
1001c811  xdc_runtime_SysCallback_abort__E                                          
1001c811  xdc_runtime_System_SupportProxy_abort__E                                  
1001c821  xdc_runtime_SysCallback_exit__E                                           
1001c821  xdc_runtime_System_SupportProxy_exit__E                                   
1001c831  xdc_runtime_Timestamp_SupportProxy_get32__E                               
1001c831  xdc_runtime_Timestamp_get32__E                                            
1001c831  xdc_runtime_Timestamp_get32__E                                            
1001c841  xdc_runtime_Error_init__E                                                 
1001c84d  xdc_runtime_Memory_calloc__E                                              
1001c859  xdc_runtime_Memory_getMaxDefaultTypeAlign__E                              
1001c879  xdc_runtime_Gate_leaveSystem__E                                           
1001c87f  xdc_runtime_System_Module_startup__E                                      
1001c885  xdc_runtime_Gate_enterSystem__E                                           
1001c889  xdc_runtime_Memory_HeapProxy_alloc__E                                     
1001c88d  xdc_runtime_Memory_HeapProxy_free__E                                      
1001c891  xdc_runtime_System_Module_GateProxy_enter__E                              
1001c895  xdc_runtime_System_Module_GateProxy_leave__E                              
1001c899  xdc_runtime_System_abortSpin__E                                           
1001c89b  xdc_runtime_System_exitSpin__E                                            
1001c89d  ti_sysbios_family_arm_m3_Hwi_dispatch__I                                  
1001c96d  ti_sysbios_family_arm_m3_TaskSupport_buildTaskStack                       
1001c9b9  ti_sysbios_family_arm_m3_Hwi_initStacks__E                                
1001ca01  ti_sysbios_family_arm_m3_Hwi_excHandlerAsm__I                             
1001ca21  ti_sysbios_family_xxx_Hwi_switchAndRunFunc                                
1001ca3f  ti_sysbios_family_arm_m3_Hwi_pendSV__I                                    
1001ca57  ti_sysbios_family_arm_m3_Hwi_return                                       
1001ca59  ti_sysbios_family_arm_m3_TaskSupport_glue                                 
1001ca69  ti_sysbios_family_arm_m3_TaskSupport_swap__E                              
1001ca69  ti_sysbios_knl_Task_SupportProxy_swap__E__mangled__                       
1001ca71  ti_sysbios_knl_Task_swapReturn                                            
1001ca9b  ti_sysbios_rom_cortexm_cc26xx_CC26xx_getRevision__E                       
20000000  ti_sysbios_family_arm_m3_Hwi_ramVectors                                   
20000100  ti_sysbios_knl_Task_Module__state__V                                      
20000144  ti_sysbios_family_arm_m3_Hwi_Module__state__V                             
20000178  ti_sysbios_knl_Clock_Module__state__V                                     
200001a4  ti_sysbios_BIOS_Module__state__V                                          
200001c8  ti_sysbios_knl_Swi_Module__state__V                                       
200001e4  ti_sysbios_family_arm_cc26xx_Timer_Module__state__V                       
200001ec  ti_sysbios_family_arm_cc26xx_TimestampProvider_Module__state__V           
200001f0  xdc_runtime_Startup_Module__state__V                                      
200001f8  xdc_runtime_System_Module__state__V                                       
20000200  xdc_runtime_Memory_Module__state__V                                       
20000208  uartLog_tail                                                              
20000209  uartLog_head                                                              
2000020a  uartLog_evBufIsEmpty                                                      
2000020c  uartLog_evtNum                                                            
20000214  uartLog_outBuf                                                            
200002c0  uartLog_evBuf                                                             
200007d4  dispHandle                                                                
200007dc  ledPinTable                                                               
20000894  przTask                                                                   
200008e4  przTaskStack                                                              
20000c04  linkDBNumConns                                                            
20000d18  gapRoleTask                                                               
20000d68  gapRoleTaskStack                                                          
20000f70  initialized                                                               
20000f71  loggedin                                                                  
20000f72  loggedin_usr                                                              
20000f73  list_count                                                                
20000f74  waiting_num                                                               
20000f75  delete_count                                                              
20000f76  list_rid                                                                  
20000f78  list_nid                                                                  
20000f7c  msg_count                                                                 
20000f80  reply_len                                                                 
20000f84  list_result                                                               
20000f8e  reply_msg                                                                 
20000fa2  BSAdvertData                                                              
20000fc1  user_arr                                                                  
20000fe1  password_arr                                                              
20001004  mailbox                                                                   
2000126c  PowerCC26XX_module                                                        
200014d8  ICall_dispatcher                                                          
200014e0  ICall_enterCriticalSection                                                
200014e4  ICall_leaveCriticalSection                                                
200014fc  HEAPMGR_SIZE                                                              
200015f0  rfRegTbl                                                                  
2000168c  ti_sysbios_knl_Task_Object__table__V                                      
200016d8  ti_sysbios_family_arm_cc26xx_Timer_Object__table__V                       
20001720  ti_sysbios_gates_GateMutex_Object__table__V                               
20001758  ti_sysbios_knl_Swi_Module_State_0_readyQ__A                               
20001788  ti_sysbios_knl_Swi_Object__table__V                                       
200017b8  ti_sysbios_knl_Task_Module_State_0_readyQ__A                              
200017e8  user0Cfg                                                                  
20001818  ti_sysbios_knl_Clock_Object__table__V                                     
20001838  ti_sysbios_family_arm_m3_Hwi_Object__table__V                             
20001850  ti_sysbios_heaps_HeapMem_Object__table__V                                 
20001888  xdc_runtime_LoggerCallback_Object__table__V                               
200018a8  lastAppOpcodeSent                                                         
200018ac  pfnBMAlloc                                                                
200018b0  pfnBMFree                                                                 
200018b4  _lock                                                                     
200018b8  _unlock                                                                   
200018c4  ti_sysbios_family_arm_m3_Hwi_Module__root__V                              
200018cc  ti_sysbios_gates_GateHwi_Module__root__V                                  
200018d4  ti_sysbios_gates_GateMutex_Module__root__V                                
200018dc  ti_sysbios_hal_Hwi_Module__root__V                                        
200018e4  ti_sysbios_heaps_HeapMem_Module__root__V                                  
200018ec  ti_sysbios_knl_Clock_Module__root__V                                      
200018f4  ti_sysbios_knl_Mailbox_Module__root__V                                    
200018fc  ti_sysbios_knl_Queue_Module__root__V                                      
20001904  ti_sysbios_knl_Semaphore_Module__root__V                                  
2000190c  ti_sysbios_knl_Swi_Module__root__V                                        
20001914  ti_sysbios_knl_Task_Module__root__V                                       
2000191c  xdc_runtime_LoggerCallback_Module__root__V                                
2000192c  appAssertCback                                                            
20001930  main_func_sp                                                              
20001934  ti_sysbios_family_arm_m3_Hwi_Module_State_0_excContext__A                 
20001938  ti_sysbios_family_arm_m3_Hwi_Module_State_0_excStack__A                   
2000193c  ti_sysbios_knl_Task_Module_State_0_idleTask__A                            
20001946  ti_sysbios_family_arm_m3_Hwi_Module_State_0_excActive__A                  
20001950  ti_sysbios_heaps_HeapMem_Instance_State_0_buf__A                          
20001fd0  ti_sysbios_knl_Task_Instance_State_0_stack__A                             
200022d0  ti_sysbios_family_arm_m3_Hwi_dispatchTable                                
20002398  PIN_HandleTable                                                           
200025d8  PIN_NumPins                                                               
200025fc  trngCC26XXObjects                                                         
20002608  driverlib_release_0_46593                                                 
2000260b  heapStart                                                                 
20003f48  __stack                                                                   
20003f48  heapEnd                                                                   
20004348  __STACK_END                                                               
20004348  __STACK_TOP                                                               
20004f2c  A4_rw                                                                     
20004f2c  COMMON_RAM_BASE_ADDR                                                      
20004f40  P2_rw                                                                     
20004f40  P2_s0                                                                     
20004f40  eccRom_windowSize                                                         
20004f44  eccRom_workzone                                                           
20004f48  eccRom_param_p                                                            
20004f4c  eccRom_param_r                                                            
20004f50  eccRom_param_a                                                            
20004f54  inScalar                                                                  
20004f58  inPointX                                                                  
20004f5c  inPointY                                                                  
20004f60  outPointX                                                                 
20004f64  outPointY                                                                 
20004f68  SCAL                                                                      
20004f6c  EXPX                                                                      
20004f70  EXPY                                                                      
20004f74  EXPZ                                                                      
20004f78  EXPW                                                                      
20004f7c  ACCX                                                                      
20004f80  ACCY                                                                      
20004f84  ACCZ                                                                      
20004f88  TMP1                                                                      
20004f8c  TMP2                                                                      
20004f90  TMP3                                                                      
20004f94  TMP4                                                                      
20004f98  TMP5                                                                      
20004f9c  TMP6                                                                      
20004fa0  eccRom_param_Gx                                                           
20004fa4  eccRom_param_Gy                                                           
20004fa8  eccRom_param_b                                                            
20004fac  P2_zi                                                                     
20004fac  ratChanInfo                                                               
20004fcc  fwInfoCmd                                                                 
20004fd8  MSBMOD                                                                    
20004fdc  aux64                                                                     
20004fe4  MOD                                                                       
20004fe8  LEN                                                                       
20004ffc  pSspAesEncrypt_Sw                                                         
e000e000  ti_sysbios_family_arm_m3_Hwi_nvic                                         
ffffffff  __TI_pprof_out_hndl                                                       
ffffffff  __TI_prof_data_size                                                       
ffffffff  __TI_prof_data_start                                                      
ffffffff  __binit__                                                                 
ffffffff  binit                                                                     
UNDEFED   SHT$$INIT_ARRAY$$Base                                                     
UNDEFED   SHT$$INIT_ARRAY$$Limit                                                    

[1052 symbols]
